Archive member included because of file (symbol)

/cygdrive/c/TWESDK/Wks_ToCoNet/CardReader/../../Wks_libToCoNet/libToCoNet/lib/libToCoNet_JN5164.a(ToCoNet_main.o)
                              objs_JN5164/CardReader.o (_ToCoNet_vDebugInit)
/cygdrive/c/TWESDK/Wks_ToCoNet/CardReader/../../Wks_libToCoNet/libToCoNet/lib/libToCoNet_JN5164.a(ToCoNet_utils.o)
                              /cygdrive/c/TWESDK/Wks_ToCoNet/CardReader/../../Wks_libToCoNet/libToCoNet/lib/libToCoNet_JN5164.a(ToCoNet_main.o) (_ToCoNet_u32GetVersion)
/cygdrive/c/TWESDK/Wks_ToCoNet/CardReader/../../Wks_libToCoNet/libToCoNet/lib/libToCoNet_JN5164.a(ToCoNet_mod_Tx.o)
                              objs_JN5164/CardReader.o (_ToCoNet_vReg_mod_Tx_Standard)
/cygdrive/c/TWESDK/Wks_ToCoNet/CardReader/../../Wks_libToCoNet/libToCoNet/lib/libToCoNet_JN5164.a(ToCoNet_mod_TxRxQueue.o)
                              objs_JN5164/CardReader.o (_ToCoNet_vReg_mod_TxRxQueueMid)
/cygdrive/c/TWESDK/Wks_ToCoNet/CardReader/../../Wks_libToCoNet/libToCoNet/lib/libToCoNet_JN5164.a(ToCoNet_mod_Nwk_Common.o)
                              /cygdrive/c/TWESDK/Wks_ToCoNet/CardReader/../../Wks_libToCoNet/libToCoNet/lib/libToCoNet_JN5164.a(ToCoNet_main.o) (_ToCoNet_vRxProc_App)
/cygdrive/c/TWESDK/Wks_ToCoNet/CardReader/../../Wks_libToCoNet/libToCoNet/lib/libToCoNet_JN5164.a(ToCoNet_mod_Channel_Mgr.o)
                              /cygdrive/c/TWESDK/Wks_ToCoNet/CardReader/../../Wks_libToCoNet/libToCoNet/lib/libToCoNet_JN5164.a(ToCoNet_main.o) (_ToCoNet_ChMgr_bCh_Reconfig)
/cygdrive/c/TWESDK/Wks_ToCoNet/CardReader/../../Wks_libToCoNet/libToCoNet/lib/libToCoNet_JN5164.a(Version.o)
                              /cygdrive/c/TWESDK/Wks_ToCoNet/CardReader/../../Wks_libToCoNet/libToCoNet/lib/libToCoNet_JN5164.a(ToCoNet_utils.o) (_au8ToCoNetVersionInfo)
/cygdrive/c/TWESDK/Wks_ToCoNet/CardReader/../../Wks_libToCoNet/libToCoNet/lib/libToCoNet_JN5164.a(AppQueueApi_ToCoNet.o)
                              /cygdrive/c/TWESDK/Wks_ToCoNet/CardReader/../../Wks_libToCoNet/libToCoNet/lib/libToCoNet_JN5164.a(ToCoNet_main.o) (_psAppQApiReadHwIndT)
/cygdrive/c/TWESDK/Wks_ToCoNet/CardReader/../../Wks_libToCoNet/libToCoNet/lib/libToCoNet_JN5164.a(ToCoNet_event.o)
                              /cygdrive/c/TWESDK/Wks_ToCoNet/CardReader/../../Wks_libToCoNet/libToCoNet/lib/libToCoNet_JN5164.a(ToCoNet_main.o) (_PRSEV_u8Register)
/cygdrive/c/TWESDK/Wks_ToCoNet/CardReader/../../Wks_libToCoNet/libToCoNet/lib/libToCoNetExt_JN5164.a(AppStart.o)
                              /cygdrive/c/TWESDK/Wks_ToCoNet/CardReader/../../Wks_libToCoNet/libToCoNet/lib/libToCoNet_JN5164.a(ToCoNet_mod_Channel_Mgr.o) (__ToCoNet_bRfChChannel)
/cygdrive/c/TWESDK/Wks_ToCoNet/CardReader/../../Wks_libToCoNet/libToCoNet/lib/libToCoNetExt_JN5164.a(getMacAddr.o)
                              /cygdrive/c/TWESDK/Wks_ToCoNet/CardReader/../../Wks_libToCoNet/libToCoNet/lib/libToCoNet_JN5164.a(ToCoNet_main.o) (_ToCoNet_u32GetSerialOnBoot)
/cygdrive/c/TWESDK/Wks_ToCoNet/CardReader/../../Wks_libToCoNet/libToCoNet/lib/libToCoNetExt_JN5164.a(mac.o)
                              /cygdrive/c/TWESDK/Wks_ToCoNet/CardReader/../../Wks_libToCoNet/libToCoNet/lib/libToCoNet_JN5164.a(ToCoNet_main.o) (_Mac_bRxQueueReg)
/cygdrive/c/TWESDK/Wks_ToCoNet/CardReader/../../Wks_libToCoNet/libToCoNet/lib/libToCoNetExt_JN5164.a(AES_CCM.o)
                              /cygdrive/c/TWESDK/Wks_ToCoNet/CardReader/../../Wks_libToCoNet/libToCoNet/lib/libToCoNetExt_JN5164.a(mac.o) (_bAES_CCM_Encode)
/cygdrive/c/TWESDK/Wks_ToCoNet/CardReader/../../Wks_libToCoNet/libToCoNet/lib/libToCoNetExt_JN5164.a(no_ack_handler.o)
                              /cygdrive/c/TWESDK/Wks_ToCoNet/CardReader/../../Wks_libToCoNet/libToCoNet/lib/libToCoNetExt_JN5164.a(AppStart.o) (_vInstallNoAckHandler)
/cygdrive/c/TWESDK/Wks_ToCoNet/CardReader/../../Wks_libToCoNet/libToCoNet/lib/libToCoNetExt_JN5164.a(Version.o)
                              /cygdrive/c/TWESDK/Wks_ToCoNet/CardReader/../../Wks_libToCoNet/libToCoNet/lib/libToCoNet_JN5164.a(ToCoNet_utils.o) (_au8ToCoNetExtVersionInfo)
/cygdrive/c/TWESDK/Wks_ToCoNet/CardReader/../../Wks_libToCoNet/libToCoNet/lib/libToCoNetExt_JN5164.a(AHI_FlashIndexSector.o)
                              /cygdrive/c/TWESDK/Wks_ToCoNet/CardReader/../../Wks_libToCoNet/libToCoNet/lib/libToCoNetExt_JN5164.a(AppStart.o) (_bAHI_ReadUserData)
/cygdrive/c/TWESDK/Wks_ToCoNet/CardReader/../../Wks_libToCoNet/libToCoNet/lib/libToCoNetUtils_JN5164.a(serial.o)
                              objs_JN5164/CardReader.o (_SERIAL_bRxQueueEmpty)
/cygdrive/c/TWESDK/Wks_ToCoNet/CardReader/../../Wks_libToCoNet/libToCoNet/lib/libToCoNetUtils_JN5164.a(uart.o)
                              /cygdrive/c/TWESDK/Wks_ToCoNet/CardReader/../../Wks_libToCoNet/libToCoNet/lib/libToCoNetUtils_JN5164.a(serial.o) (_UART_vSetTxInterrupt)
/cygdrive/c/TWESDK/Wks_ToCoNet/CardReader/../../Wks_libToCoNet/libToCoNet/lib/libToCoNetUtils_JN5164.a(ByteQueue.o)
[...]
Memory Configuration

Name             Origin             Length             Attributes
flash            0x00080000         0x00028000
ram              0x0400004c         0x00007fb4
*default*        0x00000000         0xffffffff

Linker script and memory map

LOAD objs_JN5164/CardReader.o
LOAD /cygdrive/c/TWESDK/Wks_ToCoNet/CardReader/../../Wks_libToCoNet/libToCoNet/lib/libToCoNet_JN5164.a
LOAD /cygdrive/c/TWESDK/Wks_ToCoNet/CardReader/../../Wks_libToCoNet/libToCoNet/lib/libToCoNetExt_JN5164.a
LOAD /cygdrive/c/TWESDK/Wks_ToCoNet/CardReader/../../Wks_libToCoNet/libToCoNet/lib/libToCoNetUtils_JN5164.a
START GROUP
LOAD /cygdrive/c/TWESDK/516x/Components/Library/libAppApi_JN516x.a
LOAD /cygdrive/c/TWESDK/516x/Components/Library/libMac_JN516x.a
LOAD /cygdrive/c/TWESDK/516x/Components/Library/libTof_JN516x.a
LOAD /cygdrive/c/TWESDK/516x/Components/Library/libXcv_JN516x.a
LOAD /cygdrive/c/TWESDK/516x/Components/Library/libAES_CCM_SW_PATCH_JN516x.a
LOAD /cygdrive/c/TWESDK/516x/Components/Library/libAes_JN516x.a
LOAD /cygdrive/c/TWESDK/516x/Components/Library/libTimerServer_JN516x.a
LOAD /cygdrive/c/TWESDK/516x/Components/Library/libHardwareApi_JN516x.a
LOAD /cygdrive/c/TWESDK/516x/Components/Library/libMicroSpecific_JN516x.a
LOAD /cygdrive/c/TWESDK/516x/Components/Library/libBoot_JN516x.a
LOAD /cygdrive/c/TWESDK/516x/Components/Library/libMaths_JN516x.a
LOAD /cygdrive/c/TWESDK/Wks_ToCoNet/CardReader/../../Wks_libToCoNet/libToCoNet/lib/libToCoNet_JN5164.a
LOAD /cygdrive/c/TWESDK/Wks_ToCoNet/CardReader/../../Wks_libToCoNet/libToCoNet/lib/libToCoNetExt_JN5164.a
LOAD /cygdrive/c/TWESDK/Wks_ToCoNet/CardReader/../../Wks_libToCoNet/libToCoNet/lib/libToCoNetUtils_JN5164.a
END GROUP
LOAD /cygdrive/c/TWESDK/Tools/ba-elf-ba2/bin/../lib/gcc/ba-elf/4.1.2/ba2/libgcc.a
LOAD /cygdrive/c/TWESDK/Tools/ba-elf-ba2/bin/../lib/gcc/ba-elf/4.1.2/../../../../ba-elf/lib/ba2/libc.a
LOAD /cygdrive/c/TWESDK/Tools/ba-elf-ba2/bin/../lib/gcc/ba-elf/4.1.2/ba2/libgcc.a
                0x00001000                _stack_size = 0x1000
                0x00080038                __exception_vsr_table = 0x80038
                0x04000000                _pSPIflashFncTable = 0x4000000
                0x00001000                _stack_size = 0x1000
                0x00000044                restore_state = 0x44
                0x0000004a                _bZSPIWaitWIPClear = 0x4a
                0x00000050                _u16ZSPIflashRDID = 0x50
                0x00000056                _u8SelectFlashChipType = 0x56
                0x0000005c                _memcpy = 0x5c
                0x00000066                _vBootFlashProg = 0x66
                [0x00000d16]                _minimum_heap_size = DEFINED (_minimum_heap_size)?_minimum_heap_size:0xd16
                0x00000000                _SwConfig = (DEFINED (g_bSWConf_Debug) | (DEFINED (g_bSWConf_AltDebugPort) << 0x1))

.version        0x0007fffc        0x4
                0x0007fffc        0x4 LONG 0x4030008

.bir            0x00080000       0x10
                0x00080000                _flash_start = <code 342> (.)
                0x00080000                _flash_beg = <code 342> (.)
                0x00080000        0x4 LONG 0x12345678
                0x00080004        0x4 LONG 0x11223344
                0x00080008        0x4 LONG 0x55667788
                0x0008000c        0x1 BYTE 0x8
                0x0008000d        0x1 BYTE 0x1
                0x0008000e        0x2 SHORT 0x0

.flashheader    0x00080010       0x28
                0x00080010        0x4 LONG 0x0
                0x00080014        0x4 LONG 0x0
                0x00080018        0x4 LONG 0x0
                0x0008001c        0x2 SHORT 0x0
                0x0008001e        0x2 SHORT 0x0 <code 342> (_SwConfig)
                0x00080020                _enc_start = <code 342> (.)
                0x00080020        0x4 LONG 0xb95c <code 342> (_image_len)
                0x00000000                _enc_offset = (_enc_start & 0xf)
                [0x00000020]                _enc_start = (_enc_start - _flash_beg)
                0x00080024        0x4 LONG 0x8b930 <code 342> (_flash_data_start)
                0x00080028        0x2 SHORT 0x13 ((<code 342> (_ram_data_start) / 0x4) & 0xffff)
                0x0008002a        0x2 SHORT 0xb ((<code 342> (_ram_data_len) / 0x4) & 0xffff)
                0x0008002c        0x2 SHORT 0x1e ((<code 342> (_bss_start) / 0x4) & 0xffff)
                0x0008002e        0x2 SHORT 0x677 ((<code 342> (_bss_len) / 0x4) & 0xffff)
                0x00080030        0x4 LONG 0x82298 <code 342> (_AppWarmStart)
                0x00080034        0x4 LONG 0x82444 <code 342> (_AppColdStart)
                0x00000044                PROVIDE (_vException_BusError, restore_state)
                0x00000044                PROVIDE (_vException_UnalignedAccess, restore_state)
                0x00000044                PROVIDE (_vException_IllegalInstruction, restore_state)
                0x00000044                PROVIDE (_vException_SysCall, restore_state)
                0x00000044                PROVIDE (_vException_Trap, restore_state)
                0x00000044                PROVIDE (_vException_StackOverflow, restore_state)
                0x00080038                . = <code 342> (__exception_vsr_table)

.vsr_table      0x00080038       0x18
                0x00080038        0x4 LONG 0x44 <code 342> (_vException_BusError)
                0x0008003c        0x4 LONG 0x44 <code 342> (_vException_UnalignedAccess)
                0x00080040        0x4 LONG 0x44 <code 342> (_vException_IllegalInstruction)
                0x00080044        0x4 LONG 0x44 <code 342> (_vException_SysCall)
                0x00080048        0x4 LONG 0x44 <code 342> (_vException_Trap)
                0x0008004c        0x4 LONG 0x44 <code 342> (_vException_StackOverflow)

.vsr_handlers   0x00080050       0xab
 *(.vsr_handlers)
 .vsr_handlers  0x00080050       0xab /cygdrive/c/TWESDK/516x/Components/Library/libBoot_JN516x.a(ExceptionHandler.o)
                0x00080050                __exception_external_interrupt
                0x000800f9                __default_vsr_dummy

.rodata         0x000800fc      0x441
 *(.rodata*)
 .rodata        0x000800fc       0x30 objs_JN5164/CardReader.o
 .rodata.str1.1
                0x0008012c       0x19 objs_JN5164/CardReader.o
 .rodata.str1.1
                0x00080145       0x11 /cygdrive/c/TWESDK/Wks_ToCoNet/CardReader/../../Wks_libToCoNet/libToCoNet/lib/libToCoNet_JN5164.a(ToCoNet_mod_Tx.o)
 *fill*         0x00080156        0x2 00
 .rodata.asStateFuncTbl
                0x00080158       0x38 /cygdrive/c/TWESDK/Wks_ToCoNet/CardReader/../../Wks_libToCoNet/libToCoNet/lib/libToCoNet_JN5164.a(ToCoNet_mod_Tx.o)
 .rodata.au8ToCoNetVersionInfo
                0x00080190        0xc /cygdrive/c/TWESDK/Wks_ToCoNet/CardReader/../../Wks_libToCoNet/libToCoNet/lib/libToCoNet_JN5164.a(Version.o)
                0x00080190                _au8ToCoNetVersionInfo
 .rodata.str1.1
                0x0008019c       0x11 /cygdrive/c/TWESDK/Wks_ToCoNet/CardReader/../../Wks_libToCoNet/libToCoNet/lib/libToCoNetExt_JN5164.a(AppStart.o)
 .rodata        0x000801ad       0x11 /cygdrive/c/TWESDK/Wks_ToCoNet/CardReader/../../Wks_libToCoNet/libToCoNet/lib/libToCoNetExt_JN5164.a(AppStart.o)
 .rodata.au8k.5340
                0x000801be       0x20 /cygdrive/c/TWESDK/Wks_ToCoNet/CardReader/../../Wks_libToCoNet/libToCoNet/lib/libToCoNetExt_JN5164.a(AppStart.o)
 .rodata.au8k.5378
                0x000801de       0x20 /cygdrive/c/TWESDK/Wks_ToCoNet/CardReader/../../Wks_libToCoNet/libToCoNet/lib/libToCoNetExt_JN5164.a(AppStart.o)
 .rodata.str1.1
                0x000801fe       0x11 /cygdrive/c/TWESDK/Wks_ToCoNet/CardReader/../../Wks_libToCoNet/libToCoNet/lib/libToCoNetExt_JN5164.a(mac.o)
 *fill*         0x0008020f        0x1 00
 .rodata.u32MacHigh_TOCOS
                0x00080210        0x4 /cygdrive/c/TWESDK/Wks_ToCoNet/CardReader/../../Wks_libToCoNet/libToCoNet/lib/libToCoNetExt_JN5164.a(mac.o)
                0x00080210                _u32MacHigh_TOCOS
 .rodata.u32MacLow_TOCOS
                0x00080214        0x4 /cygdrive/c/TWESDK/Wks_ToCoNet/CardReader/../../Wks_libToCoNet/libToCoNet/lib/libToCoNetExt_JN5164.a(mac.o)
                0x00080214                _u32MacLow_TOCOS
 .rodata.u8CRCTable
                0x00080218      0x100 /cygdrive/c/TWESDK/Wks_ToCoNet/CardReader/../../Wks_libToCoNet/libToCoNet/lib/libToCoNetUtils_JN5164.a(ccitt8.o)
 .rodata.str1.1
                0x00080318        0x7 /cygdrive/c/TWESDK/Wks_ToCoNet/CardReader/../../Wks_libToCoNet/libToCoNet/lib/libToCoNetUtils_JN5164.a(fprintf.o)
 *fill*         0x0008031f        0x1 00
 .rodata.s_sPibInit
                0x00080320       0x18 /cygdrive/c/TWESDK/516x/Components/Library/libMac_JN516x.a(mac_pib_mlme.o)
 .rodata.aeXcvPhyEvtToScanEvt.4240
                0x00080338       0x18 /cygdrive/c/TWESDK/516x/Components/Library/libMac_JN516x.a(mac_scan.o)
 .rodata.aeXcvBbcEvtToScanEvt.4230
                0x00080350        0xa /cygdrive/c/TWESDK/516x/Components/Library/libMac_JN516x.a(mac_scan.o)
 .rodata.s_atScanEvtST
                0x0008035a       0x31 /cygdrive/c/TWESDK/516x/Components/Library/libMac_JN516x.a(mac_scan.o)
 *fill*         0x0008038b        0x1 00
 .rodata.s_aprScanHandleEvt
                0x0008038c       0x30 /cygdrive/c/TWESDK/516x/Components/Library/libMac_JN516x.a(mac_scan.o)
 .rodata.psTAMcontext
                0x000803bc        0x4 /cygdrive/c/TWESDK/516x/Components/Library/libMac_JN516x.a(TAM.o)
                0x000803bc                _psTAMcontext
 .rodata.psTamMacContext
                0x000803c0        0x4 /cygdrive/c/TWESDK/516x/Components/Library/libMac_JN516x.a(TAM.o)
                0x000803c0                _psTamMacContext
 .rodata.psTamXcvContext
                0x000803c4        0x4 /cygdrive/c/TWESDK/516x/Components/Library/libMac_JN516x.a(TAM.o)
                0x000803c4                _psTamXcvContext
 .rodata.au8XcvToTAMevent.4757
                0x000803c8        0xa /cygdrive/c/TWESDK/516x/Components/Library/libMac_JN516x.a(TAM.o)
 .rodata.au8HeaderSize.4215
                0x000803d2        0xe /cygdrive/c/TWESDK/516x/Components/Library/libMac_JN516x.a(TAMcommon.o)
 .rodata.apvActionCalls
                0x000803e0       0x88 /cygdrive/c/TWESDK/516x/Components/Library/libMac_JN516x.a(TAMevent.o)
                0x000803e0                _apvActionCalls
 .rodata.au8StateActions
                0x00080468       0x8c /cygdrive/c/TWESDK/516x/Components/Library/libMac_JN516x.a(TAMevent.o)
                0x00080468                _au8StateActions
 .rodata.au8SizeInc.4433
                0x000804f4        0x9 /cygdrive/c/TWESDK/516x/Components/Library/libMac_JN516x.a(TAMsecurity.o)
 .rodata.au8MICLenLUT.3714
                0x000804fd        0x4 /cygdrive/c/TWESDK/516x/Components/Library/libMac_JN516x.a(TAMsecurity.o)
 .rodata.au8FlashWaitStates32MXO
                0x00080501        0x8 /cygdrive/c/TWESDK/516x/Components/Library/libHardwareApi_JN516x.a(AHI_System.o)
 .rodata.au8FlashWaitStatesHSRCO
                0x00080509        0x8 /cygdrive/c/TWESDK/516x/Components/Library/libHardwareApi_JN516x.a(AHI_System.o)
 *fill*         0x00080511        0x3 00
 .rodata.au32TimerBaseAddress
                0x00080514       0x14 /cygdrive/c/TWESDK/516x/Components/Library/libHardwareApi_JN516x.a(AHI_Timer.o)
 .rodata.au32UartAddrOffset
                0x00080528        0x8 /cygdrive/c/TWESDK/516x/Components/Library/libHardwareApi_JN516x.a(AHI_Uart.o)
                0x00080528                _au32UartAddrOffset
 .rodata.au8dataSizeTable
                0x00080530        0xd /cygdrive/c/TWESDK/516x/Components/Library/libAes_JN516x.a(AEScoprocessorAPI.o)
                0x00080530                _au8dataSizeTable

.text           0x00080540     0xb3ee
 *(.text*)
 .text.calcDCS  0x00080540       0x26 objs_JN5164/CardReader.o
 .text.writeSerial
                0x00080566       0x2d objs_JN5164/CardReader.o
 .text.cbToCoNet_vNwkEvent
                0x00080593        0x3 objs_JN5164/CardReader.o
                0x00080593                _cbToCoNet_vNwkEvent
 .text.cbToCoNet_vRxEvent
                0x00080596        0x3 objs_JN5164/CardReader.o
                0x00080596                _cbToCoNet_vRxEvent
 .text.cbToCoNet_vTxEvent
                0x00080599        0x3 objs_JN5164/CardReader.o
                0x00080599                _cbToCoNet_vTxEvent
 .text.cbToCoNet_u8HwInt
                0x0008059c        0x5 objs_JN5164/CardReader.o
                0x0008059c                _cbToCoNet_u8HwInt
 .text.cbToCoNet_vHwEvent
                0x000805a1       0x6c objs_JN5164/CardReader.o
                0x000805a1                _cbToCoNet_vHwEvent
 .text.vInitHardware
                0x0008060d       0xbe objs_JN5164/CardReader.o
 .text.cbAppWarmStart
                0x000806cb       0x4a objs_JN5164/CardReader.o
                0x000806cb                _cbAppWarmStart
 .text.delaym   0x00080715        0x6 objs_JN5164/CardReader.o
 .text.flushSerial
                0x0008071b        0xc objs_JN5164/CardReader.o
 .text.cancel   0x00080727       0x22 objs_JN5164/CardReader.o
 .text.readSerial
                0x00080749       0x65 objs_JN5164/CardReader.o
 .text.rwCommand
                0x000807ae      0x163 objs_JN5164/CardReader.o
 .text.rcsRfOff
                0x00080911       0x4b objs_JN5164/CardReader.o
                0x00080911                _rcsRfOff
 .text.rcsPollingFeliCa
                0x0008095c       0x87 objs_JN5164/CardReader.o
                0x0008095c                _rcsPollingFeliCa
 .text.cbToCoNet_vMain
                0x000809e3       0x58 objs_JN5164/CardReader.o
                0x000809e3                _cbToCoNet_vMain
 .text.rcsInitDevice
                0x00080a3b       0xb7 objs_JN5164/CardReader.o
                0x00080a3b                _rcsInitDevice
 .text.cbAppColdStart
                0x00080af2       0x81 objs_JN5164/CardReader.o
                0x00080af2                _cbAppColdStart
 .text.ToCoNet_vDebugInit
                0x00080b73        0x9 /cygdrive/c/TWESDK/Wks_ToCoNet/CardReader/../../Wks_libToCoNet/libToCoNet/lib/libToCoNet_JN5164.a(ToCoNet_main.o)
                0x00080b73                _ToCoNet_vDebugInit
 .text.ToCoNet_vDebugLevel
                0x00080b7c        0x9 /cygdrive/c/TWESDK/Wks_ToCoNet/CardReader/../../Wks_libToCoNet/libToCoNet/lib/libToCoNet_JN5164.a(ToCoNet_main.o)
                0x00080b7c                _ToCoNet_vDebugLevel
 .text._ToCoNet_bRaisePanic
                0x00080b85       0x3b /cygdrive/c/TWESDK/Wks_ToCoNet/CardReader/../../Wks_libToCoNet/libToCoNet/lib/libToCoNet_JN5164.a(ToCoNet_main.o)
                0x00080b85                __ToCoNet_bRaisePanic
 .text.ToCoNet_vMacStart
                0x00080bc0       0x11 /cygdrive/c/TWESDK/Wks_ToCoNet/CardReader/../../Wks_libToCoNet/libToCoNet/lib/libToCoNet_JN5164.a(ToCoNet_main.o)
                0x00080bc0                _ToCoNet_vMacStart
 .text.ToCoNet_vMain
                0x00080bd1      0x26c /cygdrive/c/TWESDK/Wks_ToCoNet/CardReader/../../Wks_libToCoNet/libToCoNet/lib/libToCoNet_JN5164.a(ToCoNet_main.o)
                0x00080bd1                _ToCoNet_vMain
 .text.vProcessEvCoreMac
                0x00080e3d       0x7a /cygdrive/c/TWESDK/Wks_ToCoNet/CardReader/../../Wks_libToCoNet/libToCoNet/lib/libToCoNet_JN5164.a(ToCoNet_main.o)
                0x00080e3d                _vProcessEvCoreMac
 .text.ToCoNet_vStart
                0x00080eb7      0x3e2 /cygdrive/c/TWESDK/Wks_ToCoNet/CardReader/../../Wks_libToCoNet/libToCoNet/lib/libToCoNet_JN5164.a(ToCoNet_main.o)
                0x00080eb7                _ToCoNet_vStart
 .text.ToCoNet_vInit
                0x00081299      0x135 /cygdrive/c/TWESDK/Wks_ToCoNet/CardReader/../../Wks_libToCoNet/libToCoNet/lib/libToCoNet_JN5164.a(ToCoNet_main.o)
                0x00081299                _ToCoNet_vInit
 .text.u8HwEventHandler
                0x000813ce       0x27 /cygdrive/c/TWESDK/Wks_ToCoNet/CardReader/../../Wks_libToCoNet/libToCoNet/lib/libToCoNet_JN5164.a(ToCoNet_main.o)
 .text.ToCoNet_u32GetVersion
                0x000813f5       0x21 /cygdrive/c/TWESDK/Wks_ToCoNet/CardReader/../../Wks_libToCoNet/libToCoNet/lib/libToCoNet_JN5164.a(ToCoNet_utils.o)
                0x000813f5                _ToCoNet_u32GetVersion
 .text.ToCoNet_u32GetRand
                0x00081416       0x65 /cygdrive/c/TWESDK/Wks_ToCoNet/CardReader/../../Wks_libToCoNet/libToCoNet/lib/libToCoNet_JN5164.a(ToCoNet_utils.o)
                0x00081416                _ToCoNet_u32GetRand
 .text.ToCoNet_vReg_mod_Tx_Standard
                0x0008147b       0x1d /cygdrive/c/TWESDK/Wks_ToCoNet/CardReader/../../Wks_libToCoNet/libToCoNet/lib/libToCoNet_JN5164.a(ToCoNet_mod_Tx.o)
                0x0008147b                _ToCoNet_vReg_mod_Tx_Standard
 .text.vProcessEvCoreTx
                0x00081498       0x67 /cygdrive/c/TWESDK/Wks_ToCoNet/CardReader/../../Wks_libToCoNet/libToCoNet/lib/libToCoNet_JN5164.a(ToCoNet_mod_Tx.o)
 .text.vHnd_E_STATE_FINISH_TX_SUCCESS
                0x000814ff       0x9b /cygdrive/c/TWESDK/Wks_ToCoNet/CardReader/../../Wks_libToCoNet/libToCoNet/lib/libToCoNet_JN5164.a(ToCoNet_mod_Tx.o)
 .text.vHnd_E_STATE_WAIT_TX
                0x0008159a       0x71 /cygdrive/c/TWESDK/Wks_ToCoNet/CardReader/../../Wks_libToCoNet/libToCoNet/lib/libToCoNet_JN5164.a(ToCoNet_mod_Tx.o)
 .text.vHnd_E_STATE_PREPARE_TX
                0x0008160b      0x160 /cygdrive/c/TWESDK/Wks_ToCoNet/CardReader/../../Wks_libToCoNet/libToCoNet/lib/libToCoNet_JN5164.a(ToCoNet_mod_Tx.o)
 .text.vHnd_E_STATE_IDLE
                0x0008176b       0x49 /cygdrive/c/TWESDK/Wks_ToCoNet/CardReader/../../Wks_libToCoNet/libToCoNet/lib/libToCoNet_JN5164.a(ToCoNet_mod_Tx.o)
 .text.vHnd_E_STATE_RUNNING
                0x000817b4      0x202 /cygdrive/c/TWESDK/Wks_ToCoNet/CardReader/../../Wks_libToCoNet/libToCoNet/lib/libToCoNet_JN5164.a(ToCoNet_mod_Tx.o)
 .text.vHnd_E_STATE_FINISH_TX_FAIL
                0x000819b6       0xc2 /cygdrive/c/TWESDK/Wks_ToCoNet/CardReader/../../Wks_libToCoNet/libToCoNet/lib/libToCoNet_JN5164.a(ToCoNet_mod_Tx.o)
 .text.ToCoNet_vReg_mod_TxRxQueueMid
                0x00081a78       0x84 /cygdrive/c/TWESDK/Wks_ToCoNet/CardReader/../../Wks_libToCoNet/libToCoNet/lib/libToCoNet_JN5164.a(ToCoNet_mod_TxRxQueue.o)
                0x00081a78                _ToCoNet_vReg_mod_TxRxQueueMid
 .text.ToCoNet_vRxProc_App
                0x00081afc       0x81 /cygdrive/c/TWESDK/Wks_ToCoNet/CardReader/../../Wks_libToCoNet/libToCoNet/lib/libToCoNet_JN5164.a(ToCoNet_mod_Nwk_Common.o)
                0x00081afc                _ToCoNet_vRxProc_App
 .text.ToCoNet_vRxProc_Mod
                0x00081b7d       0x49 /cygdrive/c/TWESDK/Wks_ToCoNet/CardReader/../../Wks_libToCoNet/libToCoNet/lib/libToCoNet_JN5164.a(ToCoNet_mod_Nwk_Common.o)
                0x00081b7d                _ToCoNet_vRxProc_Mod
 .text.ToCoNet_ChMgr_bCh_Reconfig
                0x00081bc6       0x68 /cygdrive/c/TWESDK/Wks_ToCoNet/CardReader/../../Wks_libToCoNet/libToCoNet/lib/libToCoNet_JN5164.a(ToCoNet_mod_Channel_Mgr.o)
                0x00081bc6                _ToCoNet_ChMgr_bCh_Reconfig
 .text.ToCoNet_ChMgr_vCh_TxFin
                0x00081c2e       0x30 /cygdrive/c/TWESDK/Wks_ToCoNet/CardReader/../../Wks_libToCoNet/libToCoNet/lib/libToCoNet_JN5164.a(ToCoNet_mod_Channel_Mgr.o)
                0x00081c2e                _ToCoNet_ChMgr_vCh_TxFin
 .text.ToCoNet_ChMgr_bCh_OnTx
                0x00081c5e       0x6d /cygdrive/c/TWESDK/Wks_ToCoNet/CardReader/../../Wks_libToCoNet/libToCoNet/lib/libToCoNet_JN5164.a(ToCoNet_mod_Channel_Mgr.o)
                0x00081c5e                _ToCoNet_ChMgr_bCh_OnTx
 .text.vFifoInit
                0x00081ccb       0x14 /cygdrive/c/TWESDK/Wks_ToCoNet/CardReader/../../Wks_libToCoNet/libToCoNet/lib/libToCoNet_JN5164.a(AppQueueApi_ToCoNet.o)
 .text.pvFifoPull
                0x00081cdf       0x23 /cygdrive/c/TWESDK/Wks_ToCoNet/CardReader/../../Wks_libToCoNet/libToCoNet/lib/libToCoNet_JN5164.a(AppQueueApi_ToCoNet.o)
 .text.psAppQApiGetMcpsBuffer
                0x00081d02        0xc /cygdrive/c/TWESDK/Wks_ToCoNet/CardReader/../../Wks_libToCoNet/libToCoNet/lib/libToCoNet_JN5164.a(AppQueueApi_ToCoNet.o)
 .text.psAppQApiGetMlmeBuffer
                0x00081d0e        0xc /cygdrive/c/TWESDK/Wks_ToCoNet/CardReader/../../Wks_libToCoNet/libToCoNet/lib/libToCoNet_JN5164.a(AppQueueApi_ToCoNet.o)
 .text.psAppQApiReadHwIndT
                0x00081d1a        0xc /cygdrive/c/TWESDK/Wks_ToCoNet/CardReader/../../Wks_libToCoNet/libToCoNet/lib/libToCoNet_JN5164.a(AppQueueApi_ToCoNet.o)
                0x00081d1a                _psAppQApiReadHwIndT
 .text.psAppQApiReadMcpsIndT
                0x00081d26        0xc /cygdrive/c/TWESDK/Wks_ToCoNet/CardReader/../../Wks_libToCoNet/libToCoNet/lib/libToCoNet_JN5164.a(AppQueueApi_ToCoNet.o)
                0x00081d26                _psAppQApiReadMcpsIndT
 .text.psAppQApiReadMlmeIndT
                0x00081d32        0xc /cygdrive/c/TWESDK/Wks_ToCoNet/CardReader/../../Wks_libToCoNet/libToCoNet/lib/libToCoNet_JN5164.a(AppQueueApi_ToCoNet.o)
                0x00081d32                _psAppQApiReadMlmeIndT
 .text.bFifoPush
                0x00081d3e       0x28 /cygdrive/c/TWESDK/Wks_ToCoNet/CardReader/../../Wks_libToCoNet/libToCoNet/lib/libToCoNet_JN5164.a(AppQueueApi_ToCoNet.o)
 .text.vAppQApiPostMcps
                0x00081d66       0x1e /cygdrive/c/TWESDK/Wks_ToCoNet/CardReader/../../Wks_libToCoNet/libToCoNet/lib/libToCoNet_JN5164.a(AppQueueApi_ToCoNet.o)
 .text.vAppQApiPostMlme
                0x00081d84       0x22 /cygdrive/c/TWESDK/Wks_ToCoNet/CardReader/../../Wks_libToCoNet/libToCoNet/lib/libToCoNet_JN5164.a(AppQueueApi_ToCoNet.o)
 .text.vAppQApiReturnHwIndBufferT
                0x00081da6        0xe /cygdrive/c/TWESDK/Wks_ToCoNet/CardReader/../../Wks_libToCoNet/libToCoNet/lib/libToCoNet_JN5164.a(AppQueueApi_ToCoNet.o)
                0x00081da6                _vAppQApiReturnHwIndBufferT
 .text.vAppQApiReturnMcpsIndBufferT
                0x00081db4        0xe /cygdrive/c/TWESDK/Wks_ToCoNet/CardReader/../../Wks_libToCoNet/libToCoNet/lib/libToCoNet_JN5164.a(AppQueueApi_ToCoNet.o)
                0x00081db4                _vAppQApiReturnMcpsIndBufferT
 .text.vAppQApiReturnMlmeIndBufferT
                0x00081dc2        0xe /cygdrive/c/TWESDK/Wks_ToCoNet/CardReader/../../Wks_libToCoNet/libToCoNet/lib/libToCoNet_JN5164.a(AppQueueApi_ToCoNet.o)
                0x00081dc2                _vAppQApiReturnMlmeIndBufferT
 .text.u32AppQApiInitT
                0x00081dd0      0x18f /cygdrive/c/TWESDK/Wks_ToCoNet/CardReader/../../Wks_libToCoNet/libToCoNet/lib/libToCoNet_JN5164.a(AppQueueApi_ToCoNet.o)
                0x00081dd0                _u32AppQApiInitT
 .text.vAppQApiPostHwIntT
                0x00081f5f       0x6e /cygdrive/c/TWESDK/Wks_ToCoNet/CardReader/../../Wks_libToCoNet/libToCoNet/lib/libToCoNet_JN5164.a(AppQueueApi_ToCoNet.o)
 .text.u32AppQApiInitNetwork
                0x00081fcd       0x22 /cygdrive/c/TWESDK/Wks_ToCoNet/CardReader/../../Wks_libToCoNet/libToCoNet/lib/libToCoNet_JN5164.a(AppQueueApi_ToCoNet.o)
                0x00081fcd                _u32AppQApiInitNetwork
 .text.PRSEV_u8Register
                0x00081fef       0x32 /cygdrive/c/TWESDK/Wks_ToCoNet/CardReader/../../Wks_libToCoNet/libToCoNet/lib/libToCoNet_JN5164.a(ToCoNet_event.o)
                0x00081fef                _PRSEV_u8Register
 .text.PRSEV_vSetStateAll
                0x00082021       0x3b /cygdrive/c/TWESDK/Wks_ToCoNet/CardReader/../../Wks_libToCoNet/libToCoNet/lib/libToCoNet_JN5164.a(ToCoNet_event.o)
                0x00082021                _PRSEV_vSetStateAll
 .text.PRSEV_vSetState
                0x0008205c       0x10 /cygdrive/c/TWESDK/Wks_ToCoNet/CardReader/../../Wks_libToCoNet/libToCoNet/lib/libToCoNet_JN5164.a(ToCoNet_event.o)
                0x0008205c                _PRSEV_vSetState
 .text.PRSEV_vProcessEv_core
                0x0008206c       0x8f /cygdrive/c/TWESDK/Wks_ToCoNet/CardReader/../../Wks_libToCoNet/libToCoNet/lib/libToCoNet_JN5164.a(ToCoNet_event.o)
 .text.PRSEV_vProcessEvPost
                0x000820fb       0x35 /cygdrive/c/TWESDK/Wks_ToCoNet/CardReader/../../Wks_libToCoNet/libToCoNet/lib/libToCoNet_JN5164.a(ToCoNet_event.o)
                0x000820fb                _PRSEV_vProcessEvPost
 .text._PRSEV_vProcessEv
                0x00082130       0x16 /cygdrive/c/TWESDK/Wks_ToCoNet/CardReader/../../Wks_libToCoNet/libToCoNet/lib/libToCoNet_JN5164.a(ToCoNet_event.o)
                0x00082130                __PRSEV_vProcessEv
 .text._PRSEV_vProcessEvSingle
                0x00082146       0x14 /cygdrive/c/TWESDK/Wks_ToCoNet/CardReader/../../Wks_libToCoNet/libToCoNet/lib/libToCoNet_JN5164.a(ToCoNet_event.o)
                0x00082146                __PRSEV_vProcessEvSingle
 .text._PRSEV_vProcessEvSingleH
                0x0008215a       0x16 /cygdrive/c/TWESDK/Wks_ToCoNet/CardReader/../../Wks_libToCoNet/libToCoNet/lib/libToCoNet_JN5164.a(ToCoNet_event.o)
                0x0008215a                __PRSEV_vProcessEvSingleH
 .text.ToCoNet_Event_StateExec
                0x00082170       0x31 /cygdrive/c/TWESDK/Wks_ToCoNet/CardReader/../../Wks_libToCoNet/libToCoNet/lib/libToCoNet_JN5164.a(ToCoNet_event.o)
                0x00082170                _ToCoNet_Event_StateExec
 .text.PRSEV_vInit
                0x000821a1       0x4d /cygdrive/c/TWESDK/Wks_ToCoNet/CardReader/../../Wks_libToCoNet/libToCoNet/lib/libToCoNet_JN5164.a(ToCoNet_event.o)
                0x000821a1                _PRSEV_vInit
 .text._ToCoNet_bRfChChannel
                0x000821ee       0xaa /cygdrive/c/TWESDK/Wks_ToCoNet/CardReader/../../Wks_libToCoNet/libToCoNet/lib/libToCoNetExt_JN5164.a(AppStart.o)
                0x000821ee                __ToCoNet_bRfChChannel
 .text.AppWarmStart
                0x00082298       0x9d /cygdrive/c/TWESDK/Wks_ToCoNet/CardReader/../../Wks_libToCoNet/libToCoNet/lib/libToCoNetExt_JN5164.a(AppStart.o)
                0x00082298                _AppWarmStart
 .text._ToCoNet_vMacInit
                0x00082335       0x2c /cygdrive/c/TWESDK/Wks_ToCoNet/CardReader/../../Wks_libToCoNet/libToCoNet/lib/libToCoNetExt_JN5164.a(AppStart.o)
                0x00082335                __ToCoNet_vMacInit
 .text._ToCoNet_vRfConfig
                0x00082361       0xe3 /cygdrive/c/TWESDK/Wks_ToCoNet/CardReader/../../Wks_libToCoNet/libToCoNet/lib/libToCoNetExt_JN5164.a(AppStart.o)
                0x00082361                __ToCoNet_vRfConfig
 .text.AppColdStart
                0x00082444      0x4d7 /cygdrive/c/TWESDK/Wks_ToCoNet/CardReader/../../Wks_libToCoNet/libToCoNet/lib/libToCoNetExt_JN5164.a(AppStart.o)
                0x00082444                _AppColdStart
 .text.ToCoNet_u32GetSerialOnBoot
                0x0008291b       0x37 /cygdrive/c/TWESDK/Wks_ToCoNet/CardReader/../../Wks_libToCoNet/libToCoNet/lib/libToCoNetExt_JN5164.a(getMacAddr.o)
                0x0008291b                _ToCoNet_u32GetSerialOnBoot
 .text.Mac_bRxQueueReg
                0x00082952       0x34 /cygdrive/c/TWESDK/Wks_ToCoNet/CardReader/../../Wks_libToCoNet/libToCoNet/lib/libToCoNetExt_JN5164.a(mac.o)
                0x00082952                _Mac_bRxQueueReg
 .text.Mac_vSetHighDataRate
                0x00082986        0x3 /cygdrive/c/TWESDK/Wks_ToCoNet/CardReader/../../Wks_libToCoNet/libToCoNet/lib/libToCoNetExt_JN5164.a(mac.o)
                0x00082986                _Mac_vSetHighDataRate
 .text.Mac_vSetCCA
                0x00082989       0x32 /cygdrive/c/TWESDK/Wks_ToCoNet/CardReader/../../Wks_libToCoNet/libToCoNet/lib/libToCoNetExt_JN5164.a(mac.o)
                0x00082989                _Mac_vSetCCA
 .text.Mac_vSetRetry
                0x000829bb       0x1e /cygdrive/c/TWESDK/Wks_ToCoNet/CardReader/../../Wks_libToCoNet/libToCoNet/lib/libToCoNetExt_JN5164.a(mac.o)
                0x000829bb                _Mac_vSetRetry
 .text.Mac_vReset
                0x000829d9       0x20 /cygdrive/c/TWESDK/Wks_ToCoNet/CardReader/../../Wks_libToCoNet/libToCoNet/lib/libToCoNetExt_JN5164.a(mac.o)
                0x000829d9                _Mac_vReset
 .text.bDecodeAES
                0x000829f9       0xc6 /cygdrive/c/TWESDK/Wks_ToCoNet/CardReader/../../Wks_libToCoNet/libToCoNet/lib/libToCoNetExt_JN5164.a(mac.o)
                0x000829f9                _bDecodeAES
 .text.bEncodeAES
                0x00082abf       0xbb /cygdrive/c/TWESDK/Wks_ToCoNet/CardReader/../../Wks_libToCoNet/libToCoNet/lib/libToCoNetExt_JN5164.a(mac.o)
                0x00082abf                _bEncodeAES
 .text.Mac_vHandleMcpsDataInd
                0x00082b7a      0x2a0 /cygdrive/c/TWESDK/Wks_ToCoNet/CardReader/../../Wks_libToCoNet/libToCoNet/lib/libToCoNetExt_JN5164.a(mac.o)
                0x00082b7a                _Mac_vHandleMcpsDataInd
 .text.Mac_vInit
                0x00082e1a       0x41 /cygdrive/c/TWESDK/Wks_ToCoNet/CardReader/../../Wks_libToCoNet/libToCoNet/lib/libToCoNetExt_JN5164.a(mac.o)
                0x00082e1a                _Mac_vInit
 .text.Mac_bTransmit
                0x00082e5b      0x1ee /cygdrive/c/TWESDK/Wks_ToCoNet/CardReader/../../Wks_libToCoNet/libToCoNet/lib/libToCoNetExt_JN5164.a(mac.o)
                0x00082e5b                _Mac_bTransmit
 .text.bAES_CCM_Encode
                0x00083049       0x1e /cygdrive/c/TWESDK/Wks_ToCoNet/CardReader/../../Wks_libToCoNet/libToCoNet/lib/libToCoNetExt_JN5164.a(AES_CCM.o)
                0x00083049                _bAES_CCM_Encode
 .text.bAES_CCM_Decode
                0x00083067       0x1e /cygdrive/c/TWESDK/Wks_ToCoNet/CardReader/../../Wks_libToCoNet/libToCoNet/lib/libToCoNetExt_JN5164.a(AES_CCM.o)
                0x00083067                _bAES_CCM_Decode
 .text.bAES_CCM_KeyReg
                0x00083085       0x4a /cygdrive/c/TWESDK/Wks_ToCoNet/CardReader/../../Wks_libToCoNet/libToCoNet/lib/libToCoNetExt_JN5164.a(AES_CCM.o)
                0x00083085                _bAES_CCM_KeyReg
 .text.bAES_CCM_DecodeKey
                0x000830cf       0x6b /cygdrive/c/TWESDK/Wks_ToCoNet/CardReader/../../Wks_libToCoNet/libToCoNet/lib/libToCoNetExt_JN5164.a(AES_CCM.o)
                0x000830cf                _bAES_CCM_DecodeKey
 .text.bAES_CCM_EncodeKey
                0x0008313a       0x5c /cygdrive/c/TWESDK/Wks_ToCoNet/CardReader/../../Wks_libToCoNet/libToCoNet/lib/libToCoNetExt_JN5164.a(AES_CCM.o)
                0x0008313a                _bAES_CCM_EncodeKey
 .text.vInstallNoAckHandler
                0x00083196       0x2a /cygdrive/c/TWESDK/Wks_ToCoNet/CardReader/../../Wks_libToCoNet/libToCoNet/lib/libToCoNetExt_JN5164.a(no_ack_handler.o)
                0x00083196                _vInstallNoAckHandler
 .text.vHandlerPatch
                0x000831c0       0x38 /cygdrive/c/TWESDK/Wks_ToCoNet/CardReader/../../Wks_libToCoNet/libToCoNet/lib/libToCoNetExt_JN5164.a(no_ack_handler.o)
 .text.bAHI_ReadIndexSectorPage
                0x000831f8       0x4a /cygdrive/c/TWESDK/Wks_ToCoNet/CardReader/../../Wks_libToCoNet/libToCoNet/lib/libToCoNetExt_JN5164.a(AHI_FlashIndexSector.o)
                0x000831f8                _bAHI_ReadIndexSectorPage
 .text.bAHI_ReadUserData
                0x00083242       0x2a /cygdrive/c/TWESDK/Wks_ToCoNet/CardReader/../../Wks_libToCoNet/libToCoNet/lib/libToCoNetExt_JN5164.a(AHI_FlashIndexSector.o)
                0x00083242                _bAHI_ReadUserData
 .text.bAHI_ReadIndexSectorBit
                0x0008326c       0x39 /cygdrive/c/TWESDK/Wks_ToCoNet/CardReader/../../Wks_libToCoNet/libToCoNet/lib/libToCoNetExt_JN5164.a(AHI_FlashIndexSector.o)
                0x0008326c                _bAHI_ReadIndexSectorBit
 .text.u32AHI_ReadIndexSectorBits
                0x000832a5       0x37 /cygdrive/c/TWESDK/Wks_ToCoNet/CardReader/../../Wks_libToCoNet/libToCoNet/lib/libToCoNetExt_JN5164.a(AHI_FlashIndexSector.o)
                0x000832a5                _u32AHI_ReadIndexSectorBits
 .text.bAHI_ReadCustomerSettings
                0x000832dc       0x9b /cygdrive/c/TWESDK/Wks_ToCoNet/CardReader/../../Wks_libToCoNet/libToCoNet/lib/libToCoNetExt_JN5164.a(AHI_FlashIndexSector.o)
                0x000832dc                _bAHI_ReadCustomerSettings
 .text.bAHI_ReadMACID
                0x00083377       0x46 /cygdrive/c/TWESDK/Wks_ToCoNet/CardReader/../../Wks_libToCoNet/libToCoNet/lib/libToCoNetExt_JN5164.a(AHI_FlashIndexSector.o)
                0x00083377                _bAHI_ReadMACID
 .text.SERIAL_bTxQueueEmpty
                0x000833bd       0x18 /cygdrive/c/TWESDK/Wks_ToCoNet/CardReader/../../Wks_libToCoNet/libToCoNet/lib/libToCoNetUtils_JN5164.a(serial.o)
                0x000833bd                _SERIAL_bTxQueueEmpty
 .text.SERIAL_bRxQueueEmpty
                0x000833d5       0x18 /cygdrive/c/TWESDK/Wks_ToCoNet/CardReader/../../Wks_libToCoNet/libToCoNet/lib/libToCoNetUtils_JN5164.a(serial.o)
                0x000833d5                _SERIAL_bRxQueueEmpty
 .text.SERIAL_vTxReady
                0x000833ed       0x36 /cygdrive/c/TWESDK/Wks_ToCoNet/CardReader/../../Wks_libToCoNet/libToCoNet/lib/libToCoNetUtils_JN5164.a(serial.o)
                0x000833ed                _SERIAL_vTxReady
 .text.SERIAL_vFlush
                0x00083423       0x39 /cygdrive/c/TWESDK/Wks_ToCoNet/CardReader/../../Wks_libToCoNet/libToCoNet/lib/libToCoNetUtils_JN5164.a(serial.o)
                0x00083423                _SERIAL_vFlush
 .text.SERIAL_i16RxChar
                0x0008345c       0x4c /cygdrive/c/TWESDK/Wks_ToCoNet/CardReader/../../Wks_libToCoNet/libToCoNet/lib/libToCoNetUtils_JN5164.a(serial.o)
                0x0008345c                _SERIAL_i16RxChar
 .text.SERIAL_bTxChar
                0x000834a8       0x73 /cygdrive/c/TWESDK/Wks_ToCoNet/CardReader/../../Wks_libToCoNet/libToCoNet/lib/libToCoNetUtils_JN5164.a(serial.o)
                0x000834a8                _SERIAL_bTxChar
 .text.SERIAL_vInitEx
                0x0008351b       0x90 /cygdrive/c/TWESDK/Wks_ToCoNet/CardReader/../../Wks_libToCoNet/libToCoNet/lib/libToCoNetUtils_JN5164.a(serial.o)
                0x0008351b                _SERIAL_vInitEx
 .text.vRxChar  0x000835ab       0x3e /cygdrive/c/TWESDK/Wks_ToCoNet/CardReader/../../Wks_libToCoNet/libToCoNet/lib/libToCoNetUtils_JN5164.a(serial.o)
 .text.UART_vSetTxInterrupt
                0x000835e9       0x1a /cygdrive/c/TWESDK/Wks_ToCoNet/CardReader/../../Wks_libToCoNet/libToCoNet/lib/libToCoNetUtils_JN5164.a(uart.o)
                0x000835e9                _UART_vSetTxInterrupt
 .text.UART_bTxReady
                0x00083603        0xf /cygdrive/c/TWESDK/Wks_ToCoNet/CardReader/../../Wks_libToCoNet/libToCoNet/lib/libToCoNetUtils_JN5164.a(uart.o)
                0x00083603                _UART_bTxReady
 .text.UART_vTxChar
                0x00083612        0x6 /cygdrive/c/TWESDK/Wks_ToCoNet/CardReader/../../Wks_libToCoNet/libToCoNet/lib/libToCoNetUtils_JN5164.a(uart.o)
                0x00083612                _UART_vTxChar
 .text.UART_vRtsStartFlow
                0x00083618       0x22 /cygdrive/c/TWESDK/Wks_ToCoNet/CardReader/../../Wks_libToCoNet/libToCoNet/lib/libToCoNetUtils_JN5164.a(uart.o)
                0x00083618                _UART_vRtsStartFlow
 .text.UART_vRtsStopFlow
                0x0008363a       0x22 /cygdrive/c/TWESDK/Wks_ToCoNet/CardReader/../../Wks_libToCoNet/libToCoNet/lib/libToCoNetUtils_JN5164.a(uart.o)
                0x0008363a                _UART_vRtsStopFlow
 .text.UART_vInit
                0x0008365c      0x1c3 /cygdrive/c/TWESDK/Wks_ToCoNet/CardReader/../../Wks_libToCoNet/libToCoNet/lib/libToCoNetUtils_JN5164.a(uart.o)
                0x0008365c                _UART_vInit
 .text.UART_vHandleUartInterrupt
                0x0008381f       0x8e /cygdrive/c/TWESDK/Wks_ToCoNet/CardReader/../../Wks_libToCoNet/libToCoNet/lib/libToCoNetUtils_JN5164.a(uart.o)
 .text.QUEUE__vInit
                0x000838ad       0x12 /cygdrive/c/TWESDK/Wks_ToCoNet/CardReader/../../Wks_libToCoNet/libToCoNet/lib/libToCoNetUtils_JN5164.a(ByteQueue.o)
                0x000838ad                _QUEUE__vInit
 .text.QUEUE__bEmpty
                0x000838bf        0xe /cygdrive/c/TWESDK/Wks_ToCoNet/CardReader/../../Wks_libToCoNet/libToCoNet/lib/libToCoNetUtils_JN5164.a(ByteQueue.o)
                0x000838bf                _QUEUE__bEmpty
 .text.QUEUE__bFull
                0x000838cd       0x11 /cygdrive/c/TWESDK/Wks_ToCoNet/CardReader/../../Wks_libToCoNet/libToCoNet/lib/libToCoNetUtils_JN5164.a(ByteQueue.o)
                0x000838cd                _QUEUE__bFull
 .text.QUEUE__u16Count
                0x000838de        0x6 /cygdrive/c/TWESDK/Wks_ToCoNet/CardReader/../../Wks_libToCoNet/libToCoNet/lib/libToCoNetUtils_JN5164.a(ByteQueue.o)
                0x000838de                _QUEUE__u16Count
 .text.QUEUE__vFlush
                0x000838e4       0x26 /cygdrive/c/TWESDK/Wks_ToCoNet/CardReader/../../Wks_libToCoNet/libToCoNet/lib/libToCoNetUtils_JN5164.a(ByteQueue.o)
                0x000838e4                _QUEUE__vFlush
 .text.QUEUE__u8RemoveItem
                0x0008390a       0x66 /cygdrive/c/TWESDK/Wks_ToCoNet/CardReader/../../Wks_libToCoNet/libToCoNet/lib/libToCoNetUtils_JN5164.a(ByteQueue.o)
                0x0008390a                _QUEUE__u8RemoveItem
 .text.QUEUE__vAddItem
                0x00083970       0x66 /cygdrive/c/TWESDK/Wks_ToCoNet/CardReader/../../Wks_libToCoNet/libToCoNet/lib/libToCoNetUtils_JN5164.a(ByteQueue.o)
                0x00083970                _QUEUE__vAddItem
 .text.u8CCITT8
                0x000839d6       0x23 /cygdrive/c/TWESDK/Wks_ToCoNet/CardReader/../../Wks_libToCoNet/libToCoNet/lib/libToCoNetUtils_JN5164.a(ccitt8.o)
                0x000839d6                _u8CCITT8
 .text.vPrintString
                0x000839f9       0x7d /cygdrive/c/TWESDK/Wks_ToCoNet/CardReader/../../Wks_libToCoNet/libToCoNet/lib/libToCoNetUtils_JN5164.a(fprintf.o)
 .text.vPrintInteger
                0x00083a76       0xac /cygdrive/c/TWESDK/Wks_ToCoNet/CardReader/../../Wks_libToCoNet/libToCoNet/lib/libToCoNetUtils_JN5164.a(fprintf.o)
 .text.vfPrintf
                0x00083b22      0x1d4 /cygdrive/c/TWESDK/Wks_ToCoNet/CardReader/../../Wks_libToCoNet/libToCoNet/lib/libToCoNetUtils_JN5164.a(fprintf.o)
                0x00083b22                _vfPrintf
 .text.SPRINTF_bPutChar
                0x00083cf6       0x3b /cygdrive/c/TWESDK/Wks_ToCoNet/CardReader/../../Wks_libToCoNet/libToCoNet/lib/libToCoNetUtils_JN5164.a(sprintf.o)
 .text.SPRINTF_vInit128
                0x00083d31       0x30 /cygdrive/c/TWESDK/Wks_ToCoNet/CardReader/../../Wks_libToCoNet/libToCoNet/lib/libToCoNetUtils_JN5164.a(sprintf.o)
                0x00083d31                _SPRINTF_vInit128
 .text.vWait    0x00083d61       0x19 /cygdrive/c/TWESDK/Wks_ToCoNet/CardReader/../../Wks_libToCoNet/libToCoNet/lib/libToCoNetUtils_JN5164.a(utils.o)
                0x00083d61                _vWait
 .text.vTimerStart
                0x00083d7a       0xa7 /cygdrive/c/TWESDK/Wks_ToCoNet/CardReader/../../Wks_libToCoNet/libToCoNet/lib/libToCoNetUtils_JN5164.a(utils.o)
                0x00083d7a                _vTimerStart
 *fill*         0x00083e21        0x3 00
 .text.vTimerConfig
                0x00083e24      0x190 /cygdrive/c/TWESDK/Wks_ToCoNet/CardReader/../../Wks_libToCoNet/libToCoNet/lib/libToCoNetUtils_JN5164.a(utils.o)
                0x00083e24                _vTimerConfig
 .text.pvAppApiDefGetMacHandle
                0x00083fb4        0x9 /cygdrive/c/TWESDK/516x/Components/Library/libAppApi_JN516x.a(AppApi.o)
                0x00083fb4                _pvAppApiDefGetMacHandle
 .text.vAppApiDefSetPrbsSeed
                0x00083fbd       0x24 /cygdrive/c/TWESDK/516x/Components/Library/libAppApi_JN516x.a(AppApi.o)
                0x00083fbd                _vAppApiDefSetPrbsSeed
 .text.pvAppApiDefGetMacAddrLocation
                0x00083fe1        0x9 /cygdrive/c/TWESDK/516x/Components/Library/libAppApi_JN516x.a(AppApi.o)
                0x00083fe1                _pvAppApiDefGetMacAddrLocation
 .text.vAppApiDefSetInterrupts
                0x00083fea       0x3d /cygdrive/c/TWESDK/516x/Components/Library/libAppApi_JN516x.a(AppApi.o)
                0x00083fea                _vAppApiDefSetInterrupts
 .text.vAppApiDefPowerUp
                0x00084027       0x26 /cygdrive/c/TWESDK/516x/Components/Library/libAppApi_JN516x.a(AppApi.o)
                0x00084027                _vAppApiDefPowerUp
 .text.vAppApiDefStartStack
                0x0008404d       0x51 /cygdrive/c/TWESDK/516x/Components/Library/libAppApi_JN516x.a(AppApi.o)
                0x0008404d                _vAppApiDefStartStack
 .text.u32AppApiDefInit
                0x0008409e       0x5a /cygdrive/c/TWESDK/516x/Components/Library/libAppApi_JN516x.a(AppApi.o)
                0x0008409e                _u32AppApiDefInit
 .text.eAppApiDefPlmeGet
                0x000840f8       0x33 /cygdrive/c/TWESDK/516x/Components/Library/libAppApi_JN516x.a(AppApi.o)
                0x000840f8                _eAppApiDefPlmeGet
 .text.vAppApiDefMcpsRequest
                0x0008412b       0x32 /cygdrive/c/TWESDK/516x/Components/Library/libAppApi_JN516x.a(AppApi.o)
                0x0008412b                _vAppApiDefMcpsRequest
 .text.vAppApiDefMlmeRequest
                0x0008415d       0x32 /cygdrive/c/TWESDK/516x/Components/Library/libAppApi_JN516x.a(AppApi.o)
                0x0008415d                _vAppApiDefMlmeRequest
 .text.eAppApiDefPlmeSet
                0x0008418f       0x33 /cygdrive/c/TWESDK/516x/Components/Library/libAppApi_JN516x.a(AppApi.o)
                0x0008418f                _eAppApiDefPlmeSet
 .text.vAppApiDefSaveMacSettings
                0x000841c2       0x5d /cygdrive/c/TWESDK/516x/Components/Library/libAppApi_JN516x.a(AppApiSleep.o)
                0x000841c2                _vAppApiDefSaveMacSettings
 .text.vMAC_RestoreSettings
                0x0008421f       0xc8 /cygdrive/c/TWESDK/516x/Components/Library/libAppApi_JN516x.a(AppApiSleep.o)
                0x0008421f                _vMAC_RestoreSettings
 .text.vAppApiDefRestoreMacSettings
                0x000842e7       0x25 /cygdrive/c/TWESDK/516x/Components/Library/libAppApi_JN516x.a(AppApiSleep.o)
                0x000842e7                _vAppApiDefRestoreMacSettings
 .text.vSetTimer0
                0x0008430c        0xf /cygdrive/c/TWESDK/516x/Components/Library/libMac_JN516x.a(mac_main.o)
                0x0008430c                _vSetTimer0
 .text.u32GetTimer0
                0x0008431b        0x7 /cygdrive/c/TWESDK/516x/Components/Library/libMac_JN516x.a(mac_main.o)
                0x0008431b                _u32GetTimer0
 .text.MAC_vXcvPhyEvtHandler
                0x00084322       0x10 /cygdrive/c/TWESDK/516x/Components/Library/libMac_JN516x.a(mac_main.o)
                0x00084322                _MAC_vXcvPhyEvtHandler
 .text.MAC_vXcvBbcEvtHandler
                0x00084332       0x20 /cygdrive/c/TWESDK/516x/Components/Library/libMac_JN516x.a(mac_main.o)
                0x00084332                _MAC_vXcvBbcEvtHandler
 .text.mac_vInitTimer0
                0x00084352       0x20 /cygdrive/c/TWESDK/516x/Components/Library/libMac_JN516x.a(mac_main.o)
                0x00084352                _mac_vInitTimer0
 .text.MAC_pvCtor
                0x00084372       0x82 /cygdrive/c/TWESDK/516x/Components/Library/libMac_JN516x.a(mac_main.o)
                0x00084372                _MAC_pvCtor
 .text.MAC_vHandleMcpsReqRsp
                0x000843f4       0x2d /cygdrive/c/TWESDK/516x/Components/Library/libMac_JN516x.a(mac_mcps.o)
                0x000843f4                _MAC_vHandleMcpsReqRsp
 .text.vHandleTofRequest
                0x00084421       0x12 /cygdrive/c/TWESDK/516x/Components/Library/libMac_JN516x.a(mac_mlme.o)
 *fill*         0x00084433        0x1 00
 .text.MAC_vHandleMlmeReqRsp
                0x00084434       0xb4 /cygdrive/c/TWESDK/516x/Components/Library/libMac_JN516x.a(mac_mlme.o)
                0x00084434                _MAC_vHandleMlmeReqRsp
 .text.MAC_psPibGetHandle
                0x000844e8        0x7 /cygdrive/c/TWESDK/516x/Components/Library/libMac_JN516x.a(mac_pib.o)
                0x000844e8                _MAC_psPibGetHandle
 .text.MAC_vPibSetShortAddr
                0x000844ef        0xe /cygdrive/c/TWESDK/516x/Components/Library/libMac_JN516x.a(mac_pib.o)
                0x000844ef                _MAC_vPibSetShortAddr
 .text.MAC_vPibSetPanId
                0x000844fd       0x1b /cygdrive/c/TWESDK/516x/Components/Library/libMac_JN516x.a(mac_pib.o)
                0x000844fd                _MAC_vPibSetPanId
 .text.MAC_vPibSetMinBe
                0x00084518       0x1e /cygdrive/c/TWESDK/516x/Components/Library/libMac_JN516x.a(mac_pib.o)
                0x00084518                _MAC_vPibSetMinBe
 .text.MAC_vPibSetMaxCsmaBackoffs
                0x00084536       0x21 /cygdrive/c/TWESDK/516x/Components/Library/libMac_JN516x.a(mac_pib.o)
                0x00084536                _MAC_vPibSetMaxCsmaBackoffs
 .text.MAC_vSetExtAddr
                0x00084557       0x1f /cygdrive/c/TWESDK/516x/Components/Library/libMac_JN516x.a(mac_pib.o)
                0x00084557                _MAC_vSetExtAddr
 .text.MAC_vPibSetRxOnWhenIdle
                0x00084576       0x13 /cygdrive/c/TWESDK/516x/Components/Library/libMac_JN516x.a(mac_pib.o)
                0x00084576                _MAC_vPibSetRxOnWhenIdle
 .text.MAC_vPibSetPromiscuousMode
                0x00084589       0x40 /cygdrive/c/TWESDK/516x/Components/Library/libMac_JN516x.a(mac_pib.o)
                0x00084589                _MAC_vPibSetPromiscuousMode
 .text.mac_vPibCmpCoordExtAddr
                0x000845c9       0x29 /cygdrive/c/TWESDK/516x/Components/Library/libMac_JN516x.a(mac_pib_mlme.o)
                0x000845c9                _mac_vPibCmpCoordExtAddr
 .text.mac_vPibReset
                0x000845f2       0x87 /cygdrive/c/TWESDK/516x/Components/Library/libMac_JN516x.a(mac_pib_mlme.o)
                0x000845f2                _mac_vPibReset
 .text.mac_vPibSetDefaults
                0x00084679      0x12e /cygdrive/c/TWESDK/516x/Components/Library/libMac_JN516x.a(mac_pib_mlme.o)
                0x00084679                _mac_vPibSetDefaults
 .text.vPMICreset
                0x000847a7        0xd /cygdrive/c/TWESDK/516x/Components/Library/libMac_JN516x.a(mac_pmic.o)
                0x000847a7                _vPMICreset
 .text.vPMICpostFailedAssocDcfm
                0x000847b4       0x3d /cygdrive/c/TWESDK/516x/Components/Library/libMac_JN516x.a(mac_pmic.o)
                0x000847b4                _vPMICpostFailedAssocDcfm
 .text.vPMICassocReqTO_2
                0x000847f1       0x1d /cygdrive/c/TWESDK/516x/Components/Library/libMac_JN516x.a(mac_pmic.o)
 .text.vPMICassocReqFrameReceived
                0x0008480e       0x79 /cygdrive/c/TWESDK/516x/Components/Library/libMac_JN516x.a(mac_pmic.o)
                0x0008480e                _vPMICassocReqFrameReceived
 .text.vPMICdisassocReceived
                0x00084887       0x93 /cygdrive/c/TWESDK/516x/Components/Library/libMac_JN516x.a(mac_pmic.o)
                0x00084887                _vPMICdisassocReceived
 .text.vPMICassocRespFrameReceived
                0x0008491a       0x93 /cygdrive/c/TWESDK/516x/Components/Library/libMac_JN516x.a(mac_pmic.o)
                0x0008491a                _vPMICassocRespFrameReceived
 .text.vPMICassocReqTO_1
                0x000849ad       0x8c /cygdrive/c/TWESDK/516x/Components/Library/libMac_JN516x.a(mac_pmic.o)
 .text.vPMICdisassociateRequest
                0x00084a39       0xf4 /cygdrive/c/TWESDK/516x/Components/Library/libMac_JN516x.a(mac_pmic.o)
                0x00084a39                _vPMICdisassociateRequest
 .text.bPMICdisassocReqSent
                0x00084b2d       0x83 /cygdrive/c/TWESDK/516x/Components/Library/libMac_JN516x.a(mac_pmic.o)
 .text.vPMICassociateResponse
                0x00084bb0       0xd9 /cygdrive/c/TWESDK/516x/Components/Library/libMac_JN516x.a(mac_pmic.o)
                0x00084bb0                _vPMICassociateResponse
 .text.bAssocRespSent
                0x00084c89       0x1d /cygdrive/c/TWESDK/516x/Components/Library/libMac_JN516x.a(mac_pmic.o)
 .text.vPMICassociateRequest
                0x00084ca6       0xe6 /cygdrive/c/TWESDK/516x/Components/Library/libMac_JN516x.a(mac_pmic.o)
                0x00084ca6                _vPMICassociateRequest
 .text.bPMICassocReqPollSent
                0x00084d8c       0x5b /cygdrive/c/TWESDK/516x/Components/Library/libMac_JN516x.a(mac_pmic.o)
 .text.bPMICassocReqSent
                0x00084de7       0x8d /cygdrive/c/TWESDK/516x/Components/Library/libMac_JN516x.a(mac_pmic.o)
 .text.MAC_vRegisterMlmeDcfmIndCallbacks
                0x00084e74        0xc /cygdrive/c/TWESDK/516x/Components/Library/libMac_JN516x.a(mac_ind.o)
                0x00084e74                _MAC_vRegisterMlmeDcfmIndCallbacks
 .text.MAC_vRegisterMcpsDcfmIndCallbacks
                0x00084e80        0xc /cygdrive/c/TWESDK/516x/Components/Library/libMac_JN516x.a(mac_ind.o)
                0x00084e80                _MAC_vRegisterMcpsDcfmIndCallbacks
 .text.mac_psDcfmIndGetBuf
                0x00084e8c       0x23 /cygdrive/c/TWESDK/516x/Components/Library/libMac_JN516x.a(mac_ind.o)
                0x00084e8c                _mac_psDcfmIndGetBuf
 .text.mac_eDcfmIndPost
                0x00084eaf       0x21 /cygdrive/c/TWESDK/516x/Components/Library/libMac_JN516x.a(mac_ind.o)
                0x00084eaf                _mac_eDcfmIndPost
 .text.eScanHandleEvt
                0x00084ed0       0x2e /cygdrive/c/TWESDK/516x/Components/Library/libMac_JN516x.a(mac_scan.o)
                0x00084ed0                _eScanHandleEvt
 .text.vScanHandleTimer
                0x00084efe        0x8 /cygdrive/c/TWESDK/516x/Components/Library/libMac_JN516x.a(mac_scan.o)
 .text.eGenlIllegal
                0x00084f06        0x7 /cygdrive/c/TWESDK/516x/Components/Library/libMac_JN516x.a(mac_scan.o)
 .text.eGenlDontCare
                0x00084f0d        0x5 /cygdrive/c/TWESDK/516x/Components/Library/libMac_JN516x.a(mac_scan.o)
 .text.eWEnDEdDone
                0x00084f12       0x64 /cygdrive/c/TWESDK/516x/Components/Library/libMac_JN516x.a(mac_scan.o)
 .text.eWEnDTmrExpiry
                0x00084f76        0xb /cygdrive/c/TWESDK/516x/Components/Library/libMac_JN516x.a(mac_scan.o)
 .text.mac_eScanHandleXcvBbcEvt
                0x00084f81        0xf /cygdrive/c/TWESDK/516x/Components/Library/libMac_JN516x.a(mac_scan.o)
                0x00084f81                _mac_eScanHandleXcvBbcEvt
 .text.mac_eScanHandleXcvPhyEvt
                0x00084f90       0x12 /cygdrive/c/TWESDK/516x/Components/Library/libMac_JN516x.a(mac_scan.o)
                0x00084f90                _mac_eScanHandleXcvPhyEvt
 .text.vSetNextChannel
                0x00084fa2       0x4a /cygdrive/c/TWESDK/516x/Components/Library/libMac_JN516x.a(mac_scan.o)
 .text.mac_vScanHandleMlmeReq
                0x00084fec       0x98 /cygdrive/c/TWESDK/516x/Components/Library/libMac_JN516x.a(mac_scan.o)
                0x00084fec                _mac_vScanHandleMlmeReq
 .text.mac_eScanInit
                0x00085084       0x19 /cygdrive/c/TWESDK/516x/Components/Library/libMac_JN516x.a(mac_scan.o)
                0x00085084                _mac_eScanInit
 .text.vPostDcfm
                0x0008509d       0xe9 /cygdrive/c/TWESDK/516x/Components/Library/libMac_JN516x.a(mac_scan.o)
 .text.eWCoRRxDone
                0x00085186       0xb7 /cygdrive/c/TWESDK/516x/Components/Library/libMac_JN516x.a(mac_scan.o)
 .text.eGenTmrExpiry
                0x0008523d       0x4b /cygdrive/c/TWESDK/516x/Components/Library/libMac_JN516x.a(mac_scan.o)
 .text.eWEDTEdDone
                0x00085288       0x1a /cygdrive/c/TWESDK/516x/Components/Library/libMac_JN516x.a(mac_scan.o)
 .text.eGenRxHdrDone
                0x000852a2       0x13 /cygdrive/c/TWESDK/516x/Components/Library/libMac_JN516x.a(mac_scan.o)
 .text.eWONTTxDone
                0x000852b5       0x35 /cygdrive/c/TWESDK/516x/Components/Library/libMac_JN516x.a(mac_scan.o)
 .text.eWBRTTxDone
                0x000852ea       0x21 /cygdrive/c/TWESDK/516x/Components/Library/libMac_JN516x.a(mac_scan.o)
 .text.eWBcnRxDone
                0x0008530b      0x19e /cygdrive/c/TWESDK/516x/Components/Library/libMac_JN516x.a(mac_scan.o)
 .text.bSendMacCmd
                0x000854a9       0x40 /cygdrive/c/TWESDK/516x/Components/Library/libMac_JN516x.a(mac_scan.o)
 .text.eWChCChanChgd
                0x000854e9      0x170 /cygdrive/c/TWESDK/516x/Components/Library/libMac_JN516x.a(mac_scan.o)
 .text.mac_vLPBAdjustBeaconOffset
                0x00085659       0x5d /cygdrive/c/TWESDK/516x/Components/Library/libMac_JN516x.a(mac_lp.o)
                0x00085659                _mac_vLPBAdjustBeaconOffset
 .text.mac_u32LPBGetBeaconTimeout
                0x000856b6        0x9 /cygdrive/c/TWESDK/516x/Components/Library/libMac_JN516x.a(mac_lp.o)
                0x000856b6                _mac_u32LPBGetBeaconTimeout
 .text.MAC_u32ConvertFrom16uS
                0x000856bf       0x41 /cygdrive/c/TWESDK/516x/Components/Library/libMac_JN516x.a(mac_lp.o)
                0x000856bf                _MAC_u32ConvertFrom16uS
 .text.mac_vLPBSleep
                0x00085700       0x55 /cygdrive/c/TWESDK/516x/Components/Library/libMac_JN516x.a(mac_lp.o)
                0x00085700                _mac_vLPBSleep
 .text.mac_vLPBStopTimer
                0x00085755        0xe /cygdrive/c/TWESDK/516x/Components/Library/libMac_JN516x.a(mac_lp.o)
                0x00085755                _mac_vLPBStopTimer
 .text.mac_vLPBStartTimer
                0x00085763       0x88 /cygdrive/c/TWESDK/516x/Components/Library/libMac_JN516x.a(mac_lp.o)
                0x00085763                _mac_vLPBStartTimer
 .text.vMCPSframeReceived
                0x000857eb       0x5a /cygdrive/c/TWESDK/516x/Components/Library/libMac_JN516x.a(MCPS.o)
                0x000857eb                _vMCPSframeReceived
 .text.bSearchQueue
                0x00085845       0x36 /cygdrive/c/TWESDK/516x/Components/Library/libMac_JN516x.a(MCPS.o)
 .text.vTAM_MCPSpurgeRequest
                0x0008587b       0x64 /cygdrive/c/TWESDK/516x/Components/Library/libMac_JN516x.a(MCPS.o)
                0x0008587b                _vTAM_MCPSpurgeRequest
 .text.bMCPSframeTXcomplete
                0x000858df       0x5a /cygdrive/c/TWESDK/516x/Components/Library/libMac_JN516x.a(MCPS.o)
 .text.vTAM_MCPSdataRequest
                0x00085939       0x46 /cygdrive/c/TWESDK/516x/Components/Library/libMac_JN516x.a(MCPS.o)
                0x00085939                _vTAM_MCPSdataRequest
 .text.phy_ePibGet
                0x0008597f       0x34 /cygdrive/c/TWESDK/516x/Components/Library/libMac_JN516x.a(phy_pib.o)
                0x0008597f                _phy_ePibGet
 .text.u8GetPapValue
                0x000859b3       0x21 /cygdrive/c/TWESDK/516x/Components/Library/libMac_JN516x.a(phy_pib.o)
 .text.vPhySetChannel
                0x000859d4       0x77 /cygdrive/c/TWESDK/516x/Components/Library/libMac_JN516x.a(phy_pib.o)
                0x000859d4                _vPhySetChannel
 .text.phy_ePibSet
                0x00085a4b       0x90 /cygdrive/c/TWESDK/516x/Components/Library/libMac_JN516x.a(phy_pib.o)
                0x00085a4b                _phy_ePibSet
 .text.phy_vPibSetDefaults
                0x00085adb       0x2c /cygdrive/c/TWESDK/516x/Components/Library/libMac_JN516x.a(phy_pib.o)
                0x00085adb                _phy_vPibSetDefaults
 .text.bTAMinPAN
                0x00085b07       0x19 /cygdrive/c/TWESDK/516x/Components/Library/libMac_JN516x.a(TAM.o)
                0x00085b07                _bTAMinPAN
 .text.eTAMevent
                0x00085b20       0x1a /cygdrive/c/TWESDK/516x/Components/Library/libMac_JN516x.a(TAM.o)
                0x00085b20                _eTAMevent
 *fill*         0x00085b3a        0x2 00
 .text.eTAMselect
                0x00085b3c      0x154 /cygdrive/c/TWESDK/516x/Components/Library/libMac_JN516x.a(TAM.o)
                0x00085b3c                _eTAMselect
 .text.vTAM_MLMEsyncRequest
                0x00085c90       0x17 /cygdrive/c/TWESDK/516x/Components/Library/libMac_JN516x.a(TAM.o)
                0x00085c90                _vTAM_MLMEsyncRequest
 .text.vTAM_MLMEstartRequest
                0x00085ca7       0x87 /cygdrive/c/TWESDK/516x/Components/Library/libMac_JN516x.a(TAM.o)
                0x00085ca7                _vTAM_MLMEstartRequest
 .text.vTAMreset
                0x00085d2e      0x1f6 /cygdrive/c/TWESDK/516x/Components/Library/libMac_JN516x.a(TAM.o)
                0x00085d2e                _vTAMreset
 .text.vTAMCOsetCoordinator
                0x00085f24       0x29 /cygdrive/c/TWESDK/516x/Components/Library/libMac_JN516x.a(TAMCO.o)
                0x00085f24                _vTAMCOsetCoordinator
 .text.vTAMCOupdatePendingList
                0x00085f4d       0xbb /cygdrive/c/TWESDK/516x/Components/Library/libMac_JN516x.a(TAMCO.o)
                0x00085f4d                _vTAMCOupdatePendingList
 .text.vTAMCOreqTXinCAP
                0x00086008       0x2f /cygdrive/c/TWESDK/516x/Components/Library/libMac_JN516x.a(TAMCO.o)
                0x00086008                _vTAMCOreqTXinCAP
 .text.vTrySendFromDirectNoBeacon
                0x00086037       0x38 /cygdrive/c/TWESDK/516x/Components/Library/libMac_JN516x.a(TAMCO.o)
 .text.vTAMCOreqTXnoBeacon
                0x0008606f       0x18 /cygdrive/c/TWESDK/516x/Components/Library/libMac_JN516x.a(TAMCO.o)
                0x0008606f                _vTAMCOreqTXnoBeacon
 .text.vTAMCOframeRXnobeacon
                0x00086087       0x18 /cygdrive/c/TWESDK/516x/Components/Library/libMac_JN516x.a(TAMCO.o)
                0x00086087                _vTAMCOframeRXnobeacon
 .text.vTAMCOframeTXnobeacon
                0x0008609f       0x1e /cygdrive/c/TWESDK/516x/Components/Library/libMac_JN516x.a(TAMCO.o)
                0x0008609f                _vTAMCOframeTXnobeacon
 .text.vTrySendFromDirectCAP
                0x000860bd       0x25 /cygdrive/c/TWESDK/516x/Components/Library/libMac_JN516x.a(TAMCO.o)
 .text.vTAMCOframeRXcap
                0x000860e2       0x18 /cygdrive/c/TWESDK/516x/Components/Library/libMac_JN516x.a(TAMCO.o)
                0x000860e2                _vTAMCOframeRXcap
 .text.vTAMCOframeRXgoingIdle
                0x000860fa       0x1c /cygdrive/c/TWESDK/516x/Components/Library/libMac_JN516x.a(TAMCO.o)
                0x000860fa                _vTAMCOframeRXgoingIdle
 .text.vTAMCOframeTXcap
                0x00086116       0x30 /cygdrive/c/TWESDK/516x/Components/Library/libMac_JN516x.a(TAMCO.o)
                0x00086116                _vTAMCOframeTXcap
 .text.vTAMCOframeTXgoingIdle
                0x00086146       0x1b /cygdrive/c/TWESDK/516x/Components/Library/libMac_JN516x.a(TAMCO.o)
                0x00086146                _vTAMCOframeTXgoingIdle
 .text.vTAMCOint2Fired
                0x00086161       0x22 /cygdrive/c/TWESDK/516x/Components/Library/libMac_JN516x.a(TAMCO.o)
                0x00086161                _vTAMCOint2Fired
 .text.vTAMCOframeTXbeacon
                0x00086183       0xc9 /cygdrive/c/TWESDK/516x/Components/Library/libMac_JN516x.a(TAMCO.o)
                0x00086183                _vTAMCOframeTXbeacon
 .text.vTAMCOint1Fired
                0x0008624c       0xef /cygdrive/c/TWESDK/516x/Components/Library/libMac_JN516x.a(TAMCO.o)
                0x0008624c                _vTAMCOint1Fired
 .text.vTAMCOint1FiredCAP
                0x0008633b       0x7f /cygdrive/c/TWESDK/516x/Components/Library/libMac_JN516x.a(TAMCO.o)
                0x0008633b                _vTAMCOint1FiredCAP
 .text.vTAMCOstartBeacon
                0x000863ba       0x41 /cygdrive/c/TWESDK/516x/Components/Library/libMac_JN516x.a(TAMCO.o)
                0x000863ba                _vTAMCOstartBeacon
 .text.vStartStoreValues
                0x000863fb       0xbc /cygdrive/c/TWESDK/516x/Components/Library/libMac_JN516x.a(TAMCO.o)
 .text.bStartCallback
                0x000864b7       0x2f /cygdrive/c/TWESDK/516x/Components/Library/libMac_JN516x.a(TAMCO.o)
 .text.vTAMCO_MLMEstartRequest
                0x000864e6      0x11e /cygdrive/c/TWESDK/516x/Components/Library/libMac_JN516x.a(TAMCO.o)
                0x000864e6                _vTAMCO_MLMEstartRequest
 .text.vTAMCOframeStarting
                0x00086604       0x1e /cygdrive/c/TWESDK/516x/Components/Library/libMac_JN516x.a(TAMCO.o)
                0x00086604                _vTAMCOframeStarting
 .text.vTAMDEdetermineNullState
                0x00086622       0x1d /cygdrive/c/TWESDK/516x/Components/Library/libMac_JN516x.a(TAMDE.o)
                0x00086622                _vTAMDEdetermineNullState
 .text.vSetPHYfromMacValue
                0x0008663f       0x45 /cygdrive/c/TWESDK/516x/Components/Library/libMac_JN516x.a(TAMDE.o)
 .text.vTAMDEint1FiredWaitDR
                0x00086684       0x20 /cygdrive/c/TWESDK/516x/Components/Library/libMac_JN516x.a(TAMDE.o)
                0x00086684                _vTAMDEint1FiredWaitDR
 .text.vTAMDEstartSync
                0x000866a4       0x86 /cygdrive/c/TWESDK/516x/Components/Library/libMac_JN516x.a(TAMDE.o)
                0x000866a4                _vTAMDEstartSync
 .text.vTAMDE_MLMEsyncRequest
                0x0008672a       0x30 /cygdrive/c/TWESDK/516x/Components/Library/libMac_JN516x.a(TAMDE.o)
                0x0008672a                _vTAMDE_MLMEsyncRequest
 .text.vTrySendUnslotted
                0x0008675a       0x23 /cygdrive/c/TWESDK/516x/Components/Library/libMac_JN516x.a(TAMDE.o)
 .text.vDeterminePowerState
                0x0008677d       0x98 /cygdrive/c/TWESDK/516x/Components/Library/libMac_JN516x.a(TAMDE.o)
 .text.vTAMDEreqTXnullTrackingCAP
                0x00086815       0x1c /cygdrive/c/TWESDK/516x/Components/Library/libMac_JN516x.a(TAMDE.o)
                0x00086815                _vTAMDEreqTXnullTrackingCAP
 .text.vTAMDEint2FiredTrackingDR
                0x00086831       0x2b /cygdrive/c/TWESDK/516x/Components/Library/libMac_JN516x.a(TAMDE.o)
                0x00086831                _vTAMDEint2FiredTrackingDR
 .text.vTAMDEframeTXDEnull
                0x0008685c       0x28 /cygdrive/c/TWESDK/516x/Components/Library/libMac_JN516x.a(TAMDE.o)
                0x0008685c                _vTAMDEframeTXDEnull
 .text.vTAMDEframeTXtrackingCAPgts
                0x00086884       0x34 /cygdrive/c/TWESDK/516x/Components/Library/libMac_JN516x.a(TAMDE.o)
                0x00086884                _vTAMDEframeTXtrackingCAPgts
 .text.vTAMDEframeRX
                0x000868b8       0x30 /cygdrive/c/TWESDK/516x/Components/Library/libMac_JN516x.a(TAMDE.o)
                0x000868b8                _vTAMDEframeRX
 .text.vTAMDEframePreSyncReq
                0x000868e8       0x21 /cygdrive/c/TWESDK/516x/Components/Library/libMac_JN516x.a(TAMDE.o)
                0x000868e8                _vTAMDEframePreSyncReq
 .text.bSendDataRequest
                0x00086909      0x113 /cygdrive/c/TWESDK/516x/Components/Library/libMac_JN516x.a(TAMDE.o)
 .text.vTAMDEframeRXtrackingDR
                0x00086a1c       0x47 /cygdrive/c/TWESDK/516x/Components/Library/libMac_JN516x.a(TAMDE.o)
                0x00086a1c                _vTAMDEframeRXtrackingDR
 .text.vTAMDEint2FiredPollActive
                0x00086a63       0x34 /cygdrive/c/TWESDK/516x/Components/Library/libMac_JN516x.a(TAMDE.o)
                0x00086a63                _vTAMDEint2FiredPollActive
 .text.vTAMDEframeTXtrackingDR
                0x00086a97       0x6b /cygdrive/c/TWESDK/516x/Components/Library/libMac_JN516x.a(TAMDE.o)
                0x00086a97                _vTAMDEframeTXtrackingDR
 .text.vTAMDEint1FiredTracking
                0x00086b02       0x6f /cygdrive/c/TWESDK/516x/Components/Library/libMac_JN516x.a(TAMDE.o)
                0x00086b02                _vTAMDEint1FiredTracking
 .text.vTAMDEint1FiredTrackingCAPgts
                0x00086b71       0xca /cygdrive/c/TWESDK/516x/Components/Library/libMac_JN516x.a(TAMDE.o)
                0x00086b71                _vTAMDEint1FiredTrackingCAPgts
 .text.vTAMDEint1FiredTrackingBeacon
                0x00086c3b       0xa7 /cygdrive/c/TWESDK/516x/Components/Library/libMac_JN516x.a(TAMDE.o)
                0x00086c3b                _vTAMDEint1FiredTrackingBeacon
 .text.bProcessBeaconRX
                0x00086ce2       0xe6 /cygdrive/c/TWESDK/516x/Components/Library/libMac_JN516x.a(TAMDE.o)
 .text.vTAMDEframeRXsyncReq
                0x00086dc8      0x26c /cygdrive/c/TWESDK/516x/Components/Library/libMac_JN516x.a(TAMDE.o)
                0x00086dc8                _vTAMDEframeRXsyncReq
 .text.vTAMDEint1FiredSyncReq
                0x00087034       0x7b /cygdrive/c/TWESDK/516x/Components/Library/libMac_JN516x.a(TAMDE.o)
                0x00087034                _vTAMDEint1FiredSyncReq
 .text.pvMEMget
                0x000870af       0x27 /cygdrive/c/TWESDK/516x/Components/Library/libMac_JN516x.a(TAM_MEM.o)
                0x000870af                _pvMEMget
 .text.vMEMreturn
                0x000870d6       0x6a /cygdrive/c/TWESDK/516x/Components/Library/libMac_JN516x.a(TAM_MEM.o)
                0x000870d6                _vMEMreturn
 .text.vMEMreset
                0x00087140       0x70 /cygdrive/c/TWESDK/516x/Components/Library/libMac_JN516x.a(TAM_MEM.o)
                0x00087140                _vMEMreset
 .text.vMLMErxEnableConfirm
                0x000871b0       0x37 /cygdrive/c/TWESDK/516x/Components/Library/libMac_JN516x.a(TAM_MLME.o)
                0x000871b0                _vMLMErxEnableConfirm
 .text.vMLMEcommStatus
                0x000871e7       0x6e /cygdrive/c/TWESDK/516x/Components/Library/libMac_JN516x.a(TAM_MLME.o)
                0x000871e7                _vMLMEcommStatus
 .text.vMLMEcommStatusFromFrame
                0x00087255       0x47 /cygdrive/c/TWESDK/516x/Components/Library/libMac_JN516x.a(TAM_MLME.o)
                0x00087255                _vMLMEcommStatusFromFrame
 .text.vMLMEsyncLoss
                0x0008729c       0x38 /cygdrive/c/TWESDK/516x/Components/Library/libMac_JN516x.a(TAM_MLME.o)
                0x0008729c                _vMLMEsyncLoss
 .text.vMLMEbeaconNotify
                0x000872d4      0x17c /cygdrive/c/TWESDK/516x/Components/Library/libMac_JN516x.a(TAM_MLME.o)
                0x000872d4                _vMLMEbeaconNotify
 .text.vTAHsetCutOff
                0x00087450        0xa /cygdrive/c/TWESDK/516x/Components/Library/libMac_JN516x.a(TAM_TAH.o)
                0x00087450                _vTAHsetCutOff
 .text.vTAHsetSyncLock
                0x0008745a       0x18 /cygdrive/c/TWESDK/516x/Components/Library/libMac_JN516x.a(TAM_TAH.o)
                0x0008745a                _vTAHsetSyncLock
 .text.vTAHsetPhyStateDirect
                0x00087472       0x33 /cygdrive/c/TWESDK/516x/Components/Library/libMac_JN516x.a(TAM_TAH.o)
                0x00087472                _vTAHsetPhyStateDirect
 .text.vTAHsetPhyState
                0x000874a5       0x35 /cygdrive/c/TWESDK/516x/Components/Library/libMac_JN516x.a(TAM_TAH.o)
                0x000874a5                _vTAHsetPhyState
 .text.vTAIdisableInterrupt
                0x000874da       0x10 /cygdrive/c/TWESDK/516x/Components/Library/libMac_JN516x.a(TAM_TAI.o)
                0x000874da                _vTAIdisableInterrupt
 .text.vTAIsetRxEnableTime
                0x000874ea       0x1d /cygdrive/c/TWESDK/516x/Components/Library/libMac_JN516x.a(TAM_TAI.o)
                0x000874ea                _vTAIsetRxEnableTime
 .text.vTAIsetCapTime
                0x00087507       0x1d /cygdrive/c/TWESDK/516x/Components/Library/libMac_JN516x.a(TAM_TAI.o)
                0x00087507                _vTAIsetCapTime
 .text.eTATreadTXstatus
                0x00087524       0x46 /cygdrive/c/TWESDK/516x/Components/Library/libMac_JN516x.a(TAM_TAT.o)
                0x00087524                _eTATreadTXstatus
 .text.vTATgetFrameAddress
                0x0008756a       0x20 /cygdrive/c/TWESDK/516x/Components/Library/libMac_JN516x.a(TAM_TAT.o)
                0x0008756a                _vTATgetFrameAddress
 .text.vTATgetFramePayload
                0x0008758a       0x1d /cygdrive/c/TWESDK/516x/Components/Library/libMac_JN516x.a(TAM_TAT.o)
                0x0008758a                _vTATgetFramePayload
 .text.vTATsetBLE
                0x000875a7       0x3e /cygdrive/c/TWESDK/516x/Components/Library/libMac_JN516x.a(TAM_TAT.o)
                0x000875a7                _vTATsetBLE
 .text.vTATwriteAclMaterialToHardware
                0x000875e5       0x2c /cygdrive/c/TWESDK/516x/Components/Library/libMac_JN516x.a(TAM_TAT.o)
                0x000875e5                _vTATwriteAclMaterialToHardware
 .text.bIsBbcSafeForTx
                0x00087611       0x2d /cygdrive/c/TWESDK/516x/Components/Library/libMac_JN516x.a(TAM_TAT.o)
                0x00087611                _bIsBbcSafeForTx
 .text.vTATstartReceiveAt
                0x0008763e       0x1e /cygdrive/c/TWESDK/516x/Components/Library/libMac_JN516x.a(TAM_TAT.o)
                0x0008763e                _vTATstartReceiveAt
 .text.vWriteFrame
                0x0008765c       0x7d /cygdrive/c/TWESDK/516x/Components/Library/libMac_JN516x.a(TAM_TAT.o)
 .text.bTATsendFrame
                0x000876d9       0x5a /cygdrive/c/TWESDK/516x/Components/Library/libMac_JN516x.a(TAM_TAT.o)
                0x000876d9                _bTATsendFrame
 .text.bTATsendFrameAt
                0x00087733       0x48 /cygdrive/c/TWESDK/516x/Components/Library/libMac_JN516x.a(TAM_TAT.o)
                0x00087733                _bTATsendFrameAt
 .text.bTACassessBeaconForPayload
                0x0008777b       0x4c /cygdrive/c/TWESDK/516x/Components/Library/libMac_JN516x.a(TAMcommon.o)
                0x0008777b                _bTACassessBeaconForPayload
 .text.bTACframeInProgress
                0x000877c7       0x27 /cygdrive/c/TWESDK/516x/Components/Library/libMac_JN516x.a(TAMcommon.o)
                0x000877c7                _bTACframeInProgress
 .text.vTACu16ToPayloadM
                0x000877ee        0xc /cygdrive/c/TWESDK/516x/Components/Library/libMac_JN516x.a(TAMcommon.o)
                0x000877ee                _vTACu16ToPayloadM
 .text.vTACu32ToPayloadM
                0x000877fa       0x18 /cygdrive/c/TWESDK/516x/Components/Library/libMac_JN516x.a(TAMcommon.o)
                0x000877fa                _vTACu32ToPayloadM
 .text.u16TACpayloadToU16M
                0x00087812        0xf /cygdrive/c/TWESDK/516x/Components/Library/libMac_JN516x.a(TAMcommon.o)
                0x00087812                _u16TACpayloadToU16M
 .text.u32TACpayloadToU32M
                0x00087821       0x23 /cygdrive/c/TWESDK/516x/Components/Library/libMac_JN516x.a(TAMcommon.o)
                0x00087821                _u32TACpayloadToU32M
 .text.u8TACgetHeaderSize
                0x00087844       0x26 /cygdrive/c/TWESDK/516x/Components/Library/libMac_JN516x.a(TAMcommon.o)
                0x00087844                _u8TACgetHeaderSize
 .text.vTACsetTxFrameDefaults
                0x0008786a       0x2a /cygdrive/c/TWESDK/516x/Components/Library/libMac_JN516x.a(TAMcommon.o)
                0x0008786a                _vTACsetTxFrameDefaults
 .text.vTACcheckPollResponse
                0x00087894       0x37 /cygdrive/c/TWESDK/516x/Components/Library/libMac_JN516x.a(TAMcommon.o)
                0x00087894                _vTACcheckPollResponse
 .text.bUpdateTime
                0x000878cb       0x46 /cygdrive/c/TWESDK/516x/Components/Library/libMac_JN516x.a(TAMcommon.o)
 .text.vTACbuildBeacon
                0x00087911      0x257 /cygdrive/c/TWESDK/516x/Components/Library/libMac_JN516x.a(TAMcommon.o)
                0x00087911                _vTACbuildBeacon
 .text.vTACsetFramePending
                0x00087b68       0x3f /cygdrive/c/TWESDK/516x/Components/Library/libMac_JN516x.a(TAMcommon.o)
                0x00087b68                _vTACsetFramePending
 .text.vTACsetPHYfromMacValue
                0x00087ba7       0x2b /cygdrive/c/TWESDK/516x/Components/Library/libMac_JN516x.a(TAMcommon.o)
                0x00087ba7                _vTACsetPHYfromMacValue
 .text.bTACcheckPANconflict
                0x00087bd2       0xa8 /cygdrive/c/TWESDK/516x/Components/Library/libMac_JN516x.a(TAMcommon.o)
                0x00087bd2                _bTACcheckPANconflict
 .text.bTACprocessUnexpectedBeacon
                0x00087c7a       0x6d /cygdrive/c/TWESDK/516x/Components/Library/libMac_JN516x.a(TAMcommon.o)
                0x00087c7a                _bTACprocessUnexpectedBeacon
 .text.bSendSyncLoss
                0x00087ce7       0x1e /cygdrive/c/TWESDK/516x/Components/Library/libMac_JN516x.a(TAMcommon.o)
 .text.vTACinformOriginator
                0x00087d05       0x26 /cygdrive/c/TWESDK/516x/Components/Library/libMac_JN516x.a(TAMcommon.o)
                0x00087d05                _vTACinformOriginator
 .text.vTACintRXheader
                0x00087d2b       0x98 /cygdrive/c/TWESDK/516x/Components/Library/libMac_JN516x.a(TAMcommon.o)
                0x00087d2b                _vTACintRXheader
 .text.bTACprocessFrameRXcomplete
                0x00087dc3      0x231 /cygdrive/c/TWESDK/516x/Components/Library/libMac_JN516x.a(TAMcommon.o)
                0x00087dc3                _bTACprocessFrameRXcomplete
 .text.eTACprocessFrameTXcomplete
                0x00087ff4      0x17c /cygdrive/c/TWESDK/516x/Components/Library/libMac_JN516x.a(TAMcommon.o)
                0x00087ff4                _eTACprocessFrameTXcomplete
 .text.vTAMinsertEvent
                0x00088170       0x6c /cygdrive/c/TWESDK/516x/Components/Library/libMac_JN516x.a(TAMevent.o)
                0x00088170                _vTAMinsertEvent
 .text.vTAM_TxRetryTimeout
                0x000881dc        0x8 /cygdrive/c/TWESDK/516x/Components/Library/libMac_JN516x.a(TAMevent.o)
                0x000881dc                _vTAM_TxRetryTimeout
 .text.vTAM_QueueTxEvent
                0x000881e4       0x11 /cygdrive/c/TWESDK/516x/Components/Library/libMac_JN516x.a(TAMevent.o)
                0x000881e4                _vTAM_QueueTxEvent
 .text.vTAM_CancelTxRetryTimer
                0x000881f5        0xf /cygdrive/c/TWESDK/516x/Components/Library/libMac_JN516x.a(TAMevent.o)
                0x000881f5                _vTAM_CancelTxRetryTimer
 .text.vTAM_TxRetryTimer
                0x00088204       0x13 /cygdrive/c/TWESDK/516x/Components/Library/libMac_JN516x.a(TAMevent.o)
                0x00088204                _vTAM_TxRetryTimer
 .text.vTAQaddToFifo
                0x00088217       0x1a /cygdrive/c/TWESDK/516x/Components/Library/libMac_JN516x.a(TAMqueue.o)
                0x00088217                _vTAQaddToFifo
 .text.bTAQremoveFromFifo
                0x00088231       0x3d /cygdrive/c/TWESDK/516x/Components/Library/libMac_JN516x.a(TAMqueue.o)
                0x00088231                _bTAQremoveFromFifo
 .text.vTAQresetFifo
                0x0008826e        0x9 /cygdrive/c/TWESDK/516x/Components/Library/libMac_JN516x.a(TAMqueue.o)
                0x0008826e                _vTAQresetFifo
 .text.psTAQsearchFifoForHandle
                0x00088277       0x18 /cygdrive/c/TWESDK/516x/Components/Library/libMac_JN516x.a(TAMqueue.o)
                0x00088277                _psTAQsearchFifoForHandle
 .text.psTAQsearchFifo
                0x0008828f       0x46 /cygdrive/c/TWESDK/516x/Components/Library/libMac_JN516x.a(TAMqueue.o)
                0x0008828f                _psTAQsearchFifo
 .text.vDoGoOff
                0x000882d5       0x1a /cygdrive/c/TWESDK/516x/Components/Library/libMac_JN516x.a(TAMrxEnable.o)
 .text.vDoGoActive
                0x000882ef       0x28 /cygdrive/c/TWESDK/516x/Components/Library/libMac_JN516x.a(TAMrxEnable.o)
 .text.vTAM_MLMErxEnableRequest
                0x00088317       0xc8 /cygdrive/c/TWESDK/516x/Components/Library/libMac_JN516x.a(TAMrxEnable.o)
                0x00088317                _vTAM_MLMErxEnableRequest
 .text.vTAMRXEsetReceiveForPibChange
                0x000883df       0x33 /cygdrive/c/TWESDK/516x/Components/Library/libMac_JN516x.a(TAMrxEnable.o)
                0x000883df                _vTAMRXEsetReceiveForPibChange
 .text.vTAMRXEsetPhy
                0x00088412       0xb6 /cygdrive/c/TWESDK/516x/Components/Library/libMac_JN516x.a(TAMrxEnable.o)
                0x00088412                _vTAMRXEsetPhy
 .text.vTAMRXEint2Fired
                0x000884c8       0x42 /cygdrive/c/TWESDK/516x/Components/Library/libMac_JN516x.a(TAMrxEnable.o)
                0x000884c8                _vTAMRXEint2Fired
 .text.bSecurityLevelCheckingAlgorithm
                0x0008850a       0x25 /cygdrive/c/TWESDK/516x/Components/Library/libMac_JN516x.a(TAMsecurity.o)
 .text.u8TSCframeIncrease
                0x0008852f        0xf /cygdrive/c/TWESDK/516x/Components/Library/libMac_JN516x.a(TAMsecurity.o)
                0x0008852f                _u8TSCframeIncrease
 .text.vTSCsetUpwardSecurity
                0x0008853e       0x15 /cygdrive/c/TWESDK/516x/Components/Library/libMac_JN516x.a(TAMsecurity.o)
                0x0008853e                _vTSCsetUpwardSecurity
 .text.vCopyToDataFromMacAddr
                0x00088553       0x33 /cygdrive/c/TWESDK/516x/Components/Library/libMac_JN516x.a(TAMsecurity.o)
 .text.vTSCpostTransmitUpdate
                0x00088586       0x3b /cygdrive/c/TWESDK/516x/Components/Library/libMac_JN516x.a(TAMsecurity.o)
                0x00088586                _vTSCpostTransmitUpdate
 .text.vTSCsetOutgoingInfo
                0x000885c1      0x158 /cygdrive/c/TWESDK/516x/Components/Library/libMac_JN516x.a(TAMsecurity.o)
                0x000885c1                _vTSCsetOutgoingInfo
 .text.vMAC_RetrieveSecurityInfoFromFrame
                0x00088719       0x92 /cygdrive/c/TWESDK/516x/Components/Library/libMac_JN516x.a(TAMsecurity.o)
                0x00088719                _vMAC_RetrieveSecurityInfoFromFrame
 .text.MAC_bLookUpKeyDescriptor
                0x000887ab       0x7f /cygdrive/c/TWESDK/516x/Components/Library/libMac_JN516x.a(TAMsecurity.o)
 .text.bTSCgetOutgoingInfo2003
                0x0008882a       0x21 /cygdrive/c/TWESDK/516x/Components/Library/libMac_JN516x.a(TAMsecurity.o)
                0x0008882a                _bTSCgetOutgoingInfo2003
 .text.bTSCgetOutgoingInfo
                0x0008884b      0x11c /cygdrive/c/TWESDK/516x/Components/Library/libMac_JN516x.a(TAMsecurity.o)
                0x0008884b                _bTSCgetOutgoingInfo
 .text.vTSCgetIncomingInfo
                0x00088967       0xc6 /cygdrive/c/TWESDK/516x/Components/Library/libMac_JN516x.a(TAMsecurity.o)
                0x00088967                _vTSCgetIncomingInfo
 .text.bTSCcheckIncomingFrame
                0x00088a2d      0x689 /cygdrive/c/TWESDK/516x/Components/Library/libMac_JN516x.a(TAMsecurity.o)
                0x00088a2d                _bTSCcheckIncomingFrame
 .text.vTAStidyUpAfterFrameTX
                0x000890b6       0x26 /cygdrive/c/TWESDK/516x/Components/Library/libMac_JN516x.a(TAMsideways.o)
                0x000890b6                _vTAStidyUpAfterFrameTX
 .text.bTASsendCommStatusInd
                0x000890dc       0x1b /cygdrive/c/TWESDK/516x/Components/Library/libMac_JN516x.a(TAMsideways.o)
                0x000890dc                _bTASsendCommStatusInd
 .text.vTASretrieveSecurity
                0x000890f7       0x24 /cygdrive/c/TWESDK/516x/Components/Library/libMac_JN516x.a(TAMsideways.o)
                0x000890f7                _vTASretrieveSecurity
 .text.vTASretrieveFrame
                0x0008911b       0x88 /cygdrive/c/TWESDK/516x/Components/Library/libMac_JN516x.a(TAMsideways.o)
                0x0008911b                _vTASretrieveFrame
 .text.eTAStransmitRequest
                0x000891a3      0x3e3 /cygdrive/c/TWESDK/516x/Components/Library/libMac_JN516x.a(TAMsideways.o)
                0x000891a3                _eTAStransmitRequest
 .text.vTTIBLETimerExpired
                0x00089586        0xb /cygdrive/c/TWESDK/516x/Components/Library/libMac_JN516x.a(TAMtime.o)
                0x00089586                _vTTIBLETimerExpired
 .text.vTTITimer2Expired
                0x00089591        0x8 /cygdrive/c/TWESDK/516x/Components/Library/libMac_JN516x.a(TAMtime.o)
                0x00089591                _vTTITimer2Expired
 .text.vTTITimer1Expired
                0x00089599        0x8 /cygdrive/c/TWESDK/516x/Components/Library/libMac_JN516x.a(TAMtime.o)
                0x00089599                _vTTITimer1Expired
 .text.vTTITransactionTimerExpired
                0x000895a1       0x2f /cygdrive/c/TWESDK/516x/Components/Library/libMac_JN516x.a(TAMtime.o)
                0x000895a1                _vTTITransactionTimerExpired
 .text.vCmdWaitBusy
                0x000895d0        0xd /cygdrive/c/TWESDK/516x/Components/Library/libMac_JN516x.a(TAM_AES.o)
 .text.vEcbEncodeStripe
                0x000895dd       0x55 /cygdrive/c/TWESDK/516x/Components/Library/libMac_JN516x.a(TAM_AES.o)
 .text.vFromU16ToLe
                0x00089632        0xc /cygdrive/c/TWESDK/516x/Components/Library/libMac_JN516x.a(TAM_AES.o)
 .text.vFromU32ToLe
                0x0008963e       0x18 /cygdrive/c/TWESDK/516x/Components/Library/libMac_JN516x.a(TAM_AES.o)
 .text.u8TAM_AES_WriteAuxilliarySecurityHeaderIntoBuffer
                0x00089656       0x6a /cygdrive/c/TWESDK/516x/Components/Library/libMac_JN516x.a(TAM_AES.o)
                0x00089656                _u8TAM_AES_WriteAuxilliarySecurityHeaderIntoBuffer
 .text.u8Write802_15_4HeaderIntoBuffer
                0x000896c0      0x110 /cygdrive/c/TWESDK/516x/Components/Library/libMac_JN516x.a(TAM_AES.o)
 .text.vWrite802_15_4NonceIntoBuffer
                0x000897d0       0x4a /cygdrive/c/TWESDK/516x/Components/Library/libMac_JN516x.a(TAM_AES.o)
 .text.vTAM_AES_OptimisedCcmStar
                0x0008981a      0x244 /cygdrive/c/TWESDK/516x/Components/Library/libMac_JN516x.a(TAM_AES.o)
                0x0008981a                _vTAM_AES_OptimisedCcmStar
 .text.bTAM_AES_CCMstarPatch2006
                0x00089a5e       0xf4 /cygdrive/c/TWESDK/516x/Components/Library/libMac_JN516x.a(TAM_AES.o)
                0x00089a5e                _bTAM_AES_CCMstarPatch2006
 .text.bTAM_AES_CCMstarPatch
                0x00089b52       0xfe /cygdrive/c/TWESDK/516x/Components/Library/libMac_JN516x.a(TAM_AES.o)
                0x00089b52                _bTAM_AES_CCMstarPatch
 .text.MAC_u8AclFindInfo
                0x00089c50      0x118 /cygdrive/c/TWESDK/516x/Components/Library/libMac_JN516x.a(mac_acl.o)
                0x00089c50                _MAC_u8AclFindInfo
 .text.vMAC_MISCorphanReceived
                0x00089d68       0x4f /cygdrive/c/TWESDK/516x/Components/Library/libMac_JN516x.a(mac_misc.o)
                0x00089d68                _vMAC_MISCorphanReceived
 .text.vMAC_MISCpollConfirm
                0x00089db7       0x35 /cygdrive/c/TWESDK/516x/Components/Library/libMac_JN516x.a(mac_misc.o)
                0x00089db7                _vMAC_MISCpollConfirm
 .text.vMAC_MISCpollRequest
                0x00089dec       0xbe /cygdrive/c/TWESDK/516x/Components/Library/libMac_JN516x.a(mac_misc.o)
                0x00089dec                _vMAC_MISCpollRequest
 .text.vMAC_MISCorphanResponse
                0x00089eaa       0xc4 /cygdrive/c/TWESDK/516x/Components/Library/libMac_JN516x.a(mac_misc.o)
                0x00089eaa                _vMAC_MISCorphanResponse
 .text.bPollReqSent
                0x00089f6e       0x1e /cygdrive/c/TWESDK/516x/Components/Library/libMac_JN516x.a(mac_misc.o)
 .text.vUpdateRegisters
                0x00089f8c       0x4b /cygdrive/c/TWESDK/516x/Components/Library/libXcv_JN516x.a(xcv_main.o)
 .text.XCV_vCtor
                0x00089fd7      0x1ae /cygdrive/c/TWESDK/516x/Components/Library/libXcv_JN516x.a(xcv_main.o)
                0x00089fd7                _XCV_vCtor
 .text.XCV_vDevWriteIER
                0x0008a185        0xa /cygdrive/c/TWESDK/516x/Components/Library/libXcv_JN516x.a(xcv_access.o)
                0x0008a185                _XCV_vDevWriteIER
 .text.XCV_vDevRMW_IER
                0x0008a18f       0x19 /cygdrive/c/TWESDK/516x/Components/Library/libXcv_JN516x.a(xcv_access.o)
                0x0008a18f                _XCV_vDevRMW_IER
 .text.vXCV_IntHandlerBbc
                0x0008a1a8       0x62 /cygdrive/c/TWESDK/516x/Components/Library/libXcv_JN516x.a(xcv_isr.o)
                0x0008a1a8                _vXCV_IntHandlerBbc
 .text.vXCV_IntHandlerPhy
                0x0008a20a       0xab /cygdrive/c/TWESDK/516x/Components/Library/libXcv_JN516x.a(xcv_isr.o)
                0x0008a20a                _vXCV_IntHandlerPhy
 .text.bACI_CCMstar
                0x0008a2b5       0x66 /cygdrive/c/TWESDK/516x/Components/Library/libAes_JN516x.a(AEScoprocessorCCM.o)
                0x0008a2b5                _bACI_CCMstar
 .text.TSV_eInit
                0x0008a31b       0x1d /cygdrive/c/TWESDK/516x/Components/Library/libTimerServer_JN516x.a(tsv_main.o)
                0x0008a31b                _TSV_eInit
 .text.TSV_eOpen
                0x0008a338        0x8 /cygdrive/c/TWESDK/516x/Components/Library/libTimerServer_JN516x.a(tsv_main.o)
                0x0008a338                _TSV_eOpen
 .text.psRemove
                0x0008a340       0x47 /cygdrive/c/TWESDK/516x/Components/Library/libTimerServer_JN516x.a(tsv_main.o)
 .text.vExpireHead
                0x0008a387       0x31 /cygdrive/c/TWESDK/516x/Components/Library/libTimerServer_JN516x.a(tsv_main.o)
 .text.TSV_eExpireProc
                0x0008a3b8       0x2b /cygdrive/c/TWESDK/516x/Components/Library/libTimerServer_JN516x.a(tsv_main.o)
                0x0008a3b8                _TSV_eExpireProc
 .text.TSV_eStart
                0x0008a3e3       0xcf /cygdrive/c/TWESDK/516x/Components/Library/libTimerServer_JN516x.a(tsv_main.o)
                0x0008a3e3                _TSV_eStart
 .text.TSV_eStop
                0x0008a4b2       0x79 /cygdrive/c/TWESDK/516x/Components/Library/libTimerServer_JN516x.a(tsv_main.o)
                0x0008a4b2                _TSV_eStop
 .text.vAHI_IntHandlerAnalogPeriph
                0x0008a52b       0x20 /cygdrive/c/TWESDK/516x/Components/Library/libHardwareApi_JN516x.a(AHI_Analogue.o)
                0x0008a52b                _vAHI_IntHandlerAnalogPeriph
 .text.vAHI_APRegisterCallback
                0x0008a54b        0x9 /cygdrive/c/TWESDK/516x/Components/Library/libHardwareApi_JN516x.a(AHI_Analogue.o)
                0x0008a54b                _vAHI_APRegisterCallback
 .text.vAHI_BrownOutConfigure
                0x0008a554       0x4e /cygdrive/c/TWESDK/516x/Components/Library/libHardwareApi_JN516x.a(AHI_BrownOut.o)
                0x0008a554                _vAHI_BrownOutConfigure
 .text.vAHI_DioSetDirection
                0x0008a5a2       0x14 /cygdrive/c/TWESDK/516x/Components/Library/libHardwareApi_JN516x.a(AHI_Dio.o)
                0x0008a5a2                _vAHI_DioSetDirection
 .text.vAHI_DioSetOutput
                0x0008a5b6       0x14 /cygdrive/c/TWESDK/516x/Components/Library/libHardwareApi_JN516x.a(AHI_Dio.o)
                0x0008a5b6                _vAHI_DioSetOutput
 .text.u32AHI_DioWakeStatus
                0x0008a5ca       0x11 /cygdrive/c/TWESDK/516x/Components/Library/libHardwareApi_JN516x.a(AHI_Dio.o)
                0x0008a5ca                _u32AHI_DioWakeStatus
 .text.vAHI_DioSetPullup
                0x0008a5db       0x20 /cygdrive/c/TWESDK/516x/Components/Library/libHardwareApi_JN516x.a(AHI_Dio.o)
                0x0008a5db                _vAHI_DioSetPullup
 .text.u32AHI_Init
                0x0008a5fb       0xc5 /cygdrive/c/TWESDK/516x/Components/Library/libHardwareApi_JN516x.a(AHI_Init.o)
                0x0008a5fb                _u32AHI_Init
 .text          0x0008a6c0       0x27 /cygdrive/c/TWESDK/516x/Components/Library/libHardwareApi_JN516x.a(AHI_Interrupt.o)
                0x0008a6de                _vAHI_InterruptSetActivePriorityLevel
                0x0008a6c0                _vAHI_InterruptSetPriority
 .text.vAHI_SwReset
                0x0008a6e7        0x9 /cygdrive/c/TWESDK/516x/Components/Library/libHardwareApi_JN516x.a(AHI_Reset.o)
                0x0008a6e7                _vAHI_SwReset
 .text.vAHI_IntHandlerSi
                0x0008a6f0       0x45 /cygdrive/c/TWESDK/516x/Components/Library/libHardwareApi_JN516x.a(AHI_Si.o)
                0x0008a6f0                _vAHI_IntHandlerSi
 .text.vAHI_SiRegisterCallback
                0x0008a735        0x9 /cygdrive/c/TWESDK/516x/Components/Library/libHardwareApi_JN516x.a(AHI_Si.o)
                0x0008a735                _vAHI_SiRegisterCallback
 .text.vAHI_IntHandlerSpiMaster
                0x0008a73e       0x26 /cygdrive/c/TWESDK/516x/Components/Library/libHardwareApi_JN516x.a(AHI_Spi.o)
                0x0008a73e                _vAHI_IntHandlerSpiMaster
 .text.vAHI_SpiRegisterCallback
                0x0008a764        0x9 /cygdrive/c/TWESDK/516x/Components/Library/libHardwareApi_JN516x.a(AHI_Spi.o)
                0x0008a764                _vAHI_SpiRegisterCallback
 .text.u8AHI_PowerStatus
                0x0008a76d        0xa /cygdrive/c/TWESDK/516x/Components/Library/libHardwareApi_JN516x.a(AHI_System.o)
                0x0008a76d                _u8AHI_PowerStatus
 .text.vAHI_ProtocolPower
                0x0008a777       0x17 /cygdrive/c/TWESDK/516x/Components/Library/libHardwareApi_JN516x.a(AHI_System.o)
                0x0008a777                _vAHI_ProtocolPower
 .text.vAHI_CpuDoze
                0x0008a78e       0x13 /cygdrive/c/TWESDK/516x/Components/Library/libHardwareApi_JN516x.a(AHI_System.o)
                0x0008a78e                _vAHI_CpuDoze
 .text.vAHI_SysCtrlRegisterCallback
                0x0008a7a1        0x9 /cygdrive/c/TWESDK/516x/Components/Library/libHardwareApi_JN516x.a(AHI_System.o)
                0x0008a7a1                _vAHI_SysCtrlRegisterCallback
 .text.vAHI_HighPowerModuleEnable
                0x0008a7aa       0x2f /cygdrive/c/TWESDK/516x/Components/Library/libHardwareApi_JN516x.a(AHI_System.o)
                0x0008a7aa                _vAHI_HighPowerModuleEnable
 .text.vAHI_WatchdogStart
                0x0008a7d9       0x23 /cygdrive/c/TWESDK/516x/Components/Library/libHardwareApi_JN516x.a(AHI_System.o)
                0x0008a7d9                _vAHI_WatchdogStart
 .text.vAHI_WatchdogStop
                0x0008a7fc       0x17 /cygdrive/c/TWESDK/516x/Components/Library/libHardwareApi_JN516x.a(AHI_System.o)
                0x0008a7fc                _vAHI_WatchdogStop
 .text.vAHI_WatchdogRestart
                0x0008a813        0xd /cygdrive/c/TWESDK/516x/Components/Library/libHardwareApi_JN516x.a(AHI_System.o)
                0x0008a813                _vAHI_WatchdogRestart
 .text.bAHI_GetClkSource
                0x0008a820        0xd /cygdrive/c/TWESDK/516x/Components/Library/libHardwareApi_JN516x.a(AHI_System.o)
                0x0008a820                _bAHI_GetClkSource
 .text.vAHI_OptimiseWaitStates
                0x0008a82d       0x49 /cygdrive/c/TWESDK/516x/Components/Library/libHardwareApi_JN516x.a(AHI_System.o)
                0x0008a82d                _vAHI_OptimiseWaitStates
 .text.vAHI_SetWaitStateToChangingClockSourceAndSpeed
                0x0008a876       0x67 /cygdrive/c/TWESDK/516x/Components/Library/libHardwareApi_JN516x.a(AHI_System.o)
 .text.u8AHI_GetSystemClkSpeed
                0x0008a8dd        0xa /cygdrive/c/TWESDK/516x/Components/Library/libHardwareApi_JN516x.a(AHI_System.o)
                0x0008a8dd                _u8AHI_GetSystemClkSpeed
 .text.vPollClkSource
                0x0008a8e7       0x15 /cygdrive/c/TWESDK/516x/Components/Library/libHardwareApi_JN516x.a(AHI_System.o)
 .text.bAHI_SetClockRate
                0x0008a8fc       0x51 /cygdrive/c/TWESDK/516x/Components/Library/libHardwareApi_JN516x.a(AHI_System.o)
                0x0008a8fc                _bAHI_SetClockRate
 .text.vAHI_MemoryHold
                0x0008a94d       0x48 /cygdrive/c/TWESDK/516x/Components/Library/libHardwareApi_JN516x.a(AHI_System.o)
 .text.vAHI_StartRandomNumberGenerator
                0x0008a995       0x2c /cygdrive/c/TWESDK/516x/Components/Library/libHardwareApi_JN516x.a(AHI_System.o)
                0x0008a995                _vAHI_StartRandomNumberGenerator
 .text.u16AHI_ReadRandomNumber
                0x0008a9c1        0xa /cygdrive/c/TWESDK/516x/Components/Library/libHardwareApi_JN516x.a(AHI_System.o)
                0x0008a9c1                _u16AHI_ReadRandomNumber
 .text.bAHI_Clock32MHzStable
                0x0008a9cb        0xd /cygdrive/c/TWESDK/516x/Components/Library/libHardwareApi_JN516x.a(AHI_System.o)
                0x0008a9cb                _bAHI_Clock32MHzStable
 .text.vAHI_IntHandlerSysCtrl
                0x0008a9d8       0x3d /cygdrive/c/TWESDK/516x/Components/Library/libHardwareApi_JN516x.a(AHI_System.o)
                0x0008a9d8                _vAHI_IntHandlerSysCtrl
 .text.vAHI_Sleep
                0x0008aa15       0xbf /cygdrive/c/TWESDK/516x/Components/Library/libHardwareApi_JN516x.a(AHI_System.o)
                0x0008aa15                _vAHI_Sleep
 .text.vAHI_TickTimerInit
                0x0008aad4        0x9 /cygdrive/c/TWESDK/516x/Components/Library/libHardwareApi_JN516x.a(AHI_TickTimer.o)
                0x0008aad4                _vAHI_TickTimerInit
 .text.vAHI_TickTimerWrite
                0x0008aadd        0x9 /cygdrive/c/TWESDK/516x/Components/Library/libHardwareApi_JN516x.a(AHI_TickTimer.o)
                0x0008aadd                _vAHI_TickTimerWrite
 .text.vAHI_TickTimerConfigure
                0x0008aae6       0x1b /cygdrive/c/TWESDK/516x/Components/Library/libHardwareApi_JN516x.a(AHI_TickTimer.o)
                0x0008aae6                _vAHI_TickTimerConfigure
 .text.vAHI_TickTimerIntEnable
                0x0008ab01       0x21 /cygdrive/c/TWESDK/516x/Components/Library/libHardwareApi_JN516x.a(AHI_TickTimer.o)
                0x0008ab01                _vAHI_TickTimerIntEnable
 .text.vAHI_TickTimerInterval
                0x0008ab22       0x1e /cygdrive/c/TWESDK/516x/Components/Library/libHardwareApi_JN516x.a(AHI_TickTimer.o)
                0x0008ab22                _vAHI_TickTimerInterval
 .text.vAHI_IntHandlerTickTimer
                0x0008ab40       0x3d /cygdrive/c/TWESDK/516x/Components/Library/libHardwareApi_JN516x.a(AHI_TickTimer.o)
                0x0008ab40                _vAHI_IntHandlerTickTimer
 .text.vAHI_TimerEnable
                0x0008ab7d       0x9a /cygdrive/c/TWESDK/516x/Components/Library/libHardwareApi_JN516x.a(AHI_Timer.o)
                0x0008ab7d                _vAHI_TimerEnable
 .text.vAHI_TimerDisable
                0x0008ac17       0x40 /cygdrive/c/TWESDK/516x/Components/Library/libHardwareApi_JN516x.a(AHI_Timer.o)
                0x0008ac17                _vAHI_TimerDisable
 .text.vAHI_TimerClockSelect
                0x0008ac57       0x31 /cygdrive/c/TWESDK/516x/Components/Library/libHardwareApi_JN516x.a(AHI_Timer.o)
                0x0008ac57                _vAHI_TimerClockSelect
 .text.vAHI_TimerStop
                0x0008ac88       0x22 /cygdrive/c/TWESDK/516x/Components/Library/libHardwareApi_JN516x.a(AHI_Timer.o)